
Discarded input sections

 .reloc         0x0000000000000000        0x0 dll stuff

Memory Configuration

Name             Origin             Length             Attributes
*default*        0x0000000000000000 0xffffffffffffffff

Linker script and memory map

                0x0000000180000000                __image_base__ = 0x180000000
                0x0000000000000000                __dll__ = 0x0
                0x0000000180000000                __ImageBase = 0x180000000
                0x0000000000001000                __section_alignment__ = 0x1000
                0x0000000000000200                __file_alignment__ = 0x200
                0x0000000000000004                __major_os_version__ = 0x4
                0x0000000000000000                __minor_os_version__ = 0x0
                0x0000000000000000                __major_image_version__ = 0x0
                0x0000000000000000                __minor_image_version__ = 0x0
                0x0000000000000005                __major_subsystem_version__ = 0x5
                0x0000000000000002                __minor_subsystem_version__ = 0x2
                0x000000000000000a                __subsystem__ = 0xa
                0x0000000000200000                __size_of_stack_reserve__ = 0x200000
                0x0000000000001000                __size_of_stack_commit__ = 0x1000
                0x0000000000100000                __size_of_heap_reserve__ = 0x100000
                0x0000000000001000                __size_of_heap_commit__ = 0x1000
                0x0000000000000000                __loader_flags__ = 0x0
                0x0000000000000160                __dll_characteristics__ = 0x160
LOAD obj/uefi_main.o
LOAD obj/uefi_bootlog.o
LOAD obj/uefi_stdlib.o
LOAD obj/uefi_string.o
LOAD obj/uefi_console.o
LOAD obj/uefi_efi_guids.o
LOAD obj/uefi_embedded_kernel_loader.o
LOAD obj/uefi_fat32.o
LOAD obj/uefi_platform_embedded.o
LOAD obj/uefi_hardware_probe.o
LOAD obj/uefi_platform_yaml.o
                0x00000000000002a0                . = SIZEOF_HEADERS
                0x0000000000001000                . = ALIGN (__section_alignment__)

.text           0x0000000180001000     0x8e00
 *(SORT_NONE(.init))
 *(.text)
 .text          0x0000000180001000     0x3be0 obj/uefi_main.o
                0x0000000180001017                load_file_fat32
                0x0000000180001588                UefiMain
                0x00000001800019ec                load_platform_config
                0x0000000180001bb3                parse_platform_config
                0x0000000180001cf1                load_kernel_image
                0x0000000180002a33                prepare_boot_info
                0x0000000180002ed9                get_memory_map
                0x000000018000335a                find_acpi_tables
                0x0000000180003482                load_kernel_segments
                0x000000018000457d                exit_boot_services
                0x000000018000469f                jump_to_kernel
 .text          0x0000000180004be0      0x250 obj/uefi_bootlog.o
                0x0000000180004c29                bootlog_init
                0x0000000180004c59                bootlog_event
                0x0000000180004d52                bootlog_error
                0x0000000180004dad                bootlog_info
                0x0000000180004e08                bootlog_get_buffer
                0x0000000180004e15                bootlog_get_index
                0x0000000180004e21                bootlog_get_start_time
 .text          0x0000000180004e30      0x2a0 obj/uefi_stdlib.o
                0x0000000180004eb4                crc32
                0x0000000180004f28                malloc
                0x0000000180004f96                free
                0x0000000180004fcc                calloc
                0x000000018000501e                realloc
                0x0000000180005077                atoi
 .text          0x00000001800050d0     0x1600 obj/uefi_string.o
                0x00000001800050d0                memcpy
                0x000000018000512a                memset
                0x000000018000516f                memcmp
                0x00000001800051e3                strlen
                0x0000000180005217                strcmp
                0x0000000180005266                strstr
                0x0000000180005327                strncmp
                0x0000000180005394                strcpy
                0x00000001800053d7                strcat
                0x000000018000542c                wcslen
                0x0000000180005461                wcscmp
                0x00000001800054b2                wcscpy
                0x00000001800054e9                utf16_to_utf8
                0x000000018000567b                utf8_to_utf16
                0x0000000180005861                isdigit
                0x0000000180005882                isxdigit
                0x00000001800058bb                isspace
                0x00000001800058f4                toupper
                0x0000000180005914                tolower
                0x0000000180005934                strtoull
                0x0000000180005a7b                strtoll
                0x0000000180005b0d                snprintf
                0x00000001800063ff                sscanf
 .text          0x00000001800066d0     0x14d0 obj/uefi_console.o
                0x00000001800066d0                console_init
                0x0000000180006752                console_putchar
                0x0000000180006777                console_puts
                0x000000018000679b                console_printf
                0x0000000180006e77                console_set_color
                0x0000000180006e9a                console_clear
                0x0000000180006ee0                console_set_cursor
                0x0000000180006f66                console_get_cursor
                0x0000000180006f9b                log_set_level
                0x00000001800070b5                log_error
                0x00000001800070fa                log_warn
                0x000000018000713f                log_info
                0x0000000180007184                log_debug
                0x00000001800071c9                log_trace
                0x000000018000720e                serial_init
                0x00000001800072d6                serial_putchar
                0x000000018000734c                serial_puts
                0x000000018000738c                serial_printf
 .text          0x0000000180007ba0        0x0 obj/uefi_efi_guids.o
 .text          0x0000000180007ba0       0xe0 obj/uefi_embedded_kernel_loader.o
                0x0000000180007ba0                load_kernel_image_embedded
 .text          0x0000000180007c80      0xe40 obj/uefi_fat32.o
                0x0000000180007fc6                fat32_init
                0x0000000180008143                fat32_is_valid
                0x0000000180008811                fat32_open_file
                0x00000001800088d6                fat32_read_file
                0x0000000180008a87                fat32_free_buffer
 .text          0x0000000180008ac0        0x0 obj/uefi_platform_embedded.o
 .text          0x0000000180008ac0     0x12b0 obj/uefi_hardware_probe.o
                0x0000000180008b6b                hardware_probe_init
                0x0000000180008c70                probe_cpu
                0x0000000180009000                probe_memory_topology
                0x000000018000910b                probe_pci_devices
                0x00000001800093be                probe_interrupt_controller
                0x00000001800094f0                hardware_probe_all
                0x0000000180009720                probe_acpi_info
                0x0000000180009af0                probe_timers_and_serial
 .text          0x0000000180009d70       0x20 obj/uefi_platform_yaml.o
                0x0000000180009d70                get_embedded_platform_config
                0x0000000180009d7d                get_embedded_platform_config_size
 *(SORT_BY_NAME(.text$*))
 *(.text.*)
 *(.gnu.linkonce.t.*)
 *(.glue_7t)
 *(.glue_7)
                0x0000000180009d90                . = ALIGN (0x8)
 *(SORT_NONE(.fini))
 *(.gcc_exc)
                [!provide]                        PROVIDE (etext = .)
 *(.gcc_except_table)

.data           0x000000018000a000      0x200
                0x000000018000a000                __data_start__ = .
 *(.data)
 .data          0x000000018000a000       0x80 obj/uefi_main.o
 .data          0x000000018000a080        0x0 obj/uefi_bootlog.o
 .data          0x000000018000a080        0x0 obj/uefi_stdlib.o
 .data          0x000000018000a080        0x0 obj/uefi_string.o
 .data          0x000000018000a080       0x10 obj/uefi_console.o
 .data          0x000000018000a090       0x60 obj/uefi_efi_guids.o
                0x000000018000a090                gEfiLoadedImageProtocolGuid
                0x000000018000a0a0                gEfiSimpleFileSystemProtocolGuid
                0x000000018000a0b0                gEfiBlockIoProtocolGuid
                0x000000018000a0c0                gEfiFileInfoGuid
                0x000000018000a0d0                gEfiAcpi20TableGuid
                0x000000018000a0e0                gEfiAcpiTableGuid
 .data          0x000000018000a0f0        0x0 obj/uefi_embedded_kernel_loader.o
 .data          0x000000018000a0f0        0x0 obj/uefi_fat32.o
 .data          0x000000018000a0f0        0x0 obj/uefi_platform_embedded.o
 .data          0x000000018000a0f0        0x0 obj/uefi_hardware_probe.o
 .data          0x000000018000a0f0        0x0 obj/uefi_platform_yaml.o
 *(.data2)
 *(SORT_BY_NAME(.data$*))
 *(.jcr)
                0x000000018000a0f0                __data_end__ = .
 *(.data_cygwin_nocopy)

.rdata          0x000000018000b000   0xb70e00
 *(.rdata)
 .rdata         0x000000018000b000     0x2780 obj/uefi_main.o
 .rdata         0x000000018000d780       0x50 obj/uefi_bootlog.o
 .rdata         0x000000018000d7d0       0x20 obj/uefi_string.o
 .rdata         0x000000018000d7f0       0x40 obj/uefi_console.o
 *fill*         0x000000018000d830       0x10 
 .rdata         0x000000018000d840   0xb6b360 obj/uefi_embedded_kernel_loader.o
 .rdata         0x0000000180b78ba0      0x2e0 obj/uefi_fat32.o
 .rdata         0x0000000180b78e80      0x610 obj/uefi_hardware_probe.o
 *fill*         0x0000000180b79490       0x10 
 .rdata         0x0000000180b794a0     0x2600 obj/uefi_platform_yaml.o
 *(SORT_BY_NAME(.rdata$*))
 .rdata$zzz     0x0000000180b7baa0       0x20 obj/uefi_main.o
 .rdata$zzz     0x0000000180b7bac0       0x20 obj/uefi_bootlog.o
 .rdata$zzz     0x0000000180b7bae0       0x20 obj/uefi_stdlib.o
 .rdata$zzz     0x0000000180b7bb00       0x20 obj/uefi_string.o
 .rdata$zzz     0x0000000180b7bb20       0x20 obj/uefi_console.o
 .rdata$zzz     0x0000000180b7bb40       0x20 obj/uefi_efi_guids.o
 .rdata$zzz     0x0000000180b7bb60       0x20 obj/uefi_embedded_kernel_loader.o
 .rdata$zzz     0x0000000180b7bb80       0x20 obj/uefi_fat32.o
 .rdata$zzz     0x0000000180b7bba0       0x20 obj/uefi_platform_embedded.o
 .rdata$zzz     0x0000000180b7bbc0       0x20 obj/uefi_hardware_probe.o
 .rdata$zzz     0x0000000180b7bbe0       0x20 obj/uefi_platform_yaml.o
                0x0000000180b7bc00                . = ALIGN (0x4)
                0x0000000180b7bc00                __rt_psrelocs_start = .
 *(.rdata_runtime_pseudo_reloc)
                0x0000000180b7bc00                __rt_psrelocs_end = .
                0x0000000180b7bc00                . = ALIGN (0x8)
                0x0000000180b7bc00                __DELAY_IMPORT_DIRECTORY_start__ = .
 SORT_BY_NAME(*)(.didat$2)
 SORT_BY_NAME(*)(.didat$3)
                0x0000000180b7bc00                __DELAY_IMPORT_DIRECTORY_end__ = .
                0x0000000180b7bc00                . = (. + (__DELAY_IMPORT_DIRECTORY_end__ - __DELAY_IMPORT_DIRECTORY_start__)?0x20:0x0)
                0x0000000180b7bc00                . = ALIGN (0x8)
 SORT_BY_NAME(*)(.didat$4)
 SORT_BY_NAME(*)(.didat$6)
 SORT_BY_NAME(*)(.didat$7)
                0x0000000180b7bc00                . = ALIGN (0x8)
                0x0000000180b7bc00                ___CTOR_LIST__ = .
                0x0000000180b7bc00                __CTOR_LIST__ = .
                0x0000000180b7bc00        0x4 LONG 0xffffffffffffffff
                0x0000000180b7bc04        0x4 LONG 0xffffffffffffffff
 *(.ctors)
 *(.ctor)
 *(SORT_BY_NAME(.ctors.*))
                0x0000000180b7bc08        0x4 LONG 0x0
                0x0000000180b7bc0c        0x4 LONG 0x0
                0x0000000180b7bc10                ___DTOR_LIST__ = .
                0x0000000180b7bc10                __DTOR_LIST__ = .
                0x0000000180b7bc10        0x4 LONG 0xffffffffffffffff
                0x0000000180b7bc14        0x4 LONG 0xffffffffffffffff
 *(.dtors)
 *(.dtor)
 *(SORT_BY_NAME(.dtors.*))
                0x0000000180b7bc18        0x4 LONG 0x0
                0x0000000180b7bc1c        0x4 LONG 0x0
                0x0000000180b7bc20                ___crt_xc_start__ = .
 *(SORT_BY_NAME(.CRT$XC*))
                0x0000000180b7bc20                ___crt_xc_end__ = .
                0x0000000180b7bc20                ___crt_xi_start__ = .
 *(SORT_BY_NAME(.CRT$XI*))
                0x0000000180b7bc20                ___crt_xi_end__ = .
                0x0000000180b7bc20                ___crt_xl_start__ = .
 *(SORT_BY_NAME(.CRT$XL*))
                0x0000000180b7bc20                ___crt_xp_start__ = .
 *(SORT_BY_NAME(.CRT$XP*))
                0x0000000180b7bc20                ___crt_xp_end__ = .
                0x0000000180b7bc20                ___crt_xt_start__ = .
 *(SORT_BY_NAME(.CRT$XT*))
                0x0000000180b7bc20                ___crt_xt_end__ = .
                0x0000000180b7bc20                ___crt_xd_start__ = .
 *(SORT_BY_NAME(.CRT$XD*))
                0x0000000180b7bc20                ___crt_xd_end__ = .
                0x0000000180b7bc00                ___RUNTIME_PSEUDO_RELOC_LIST_END__ = __rt_psrelocs_end
                0x0000000180b7bc00                __RUNTIME_PSEUDO_RELOC_LIST_END__ = __rt_psrelocs_end
                0x0000000180b7bc00                ___RUNTIME_PSEUDO_RELOC_LIST__ = __rt_psrelocs_start
                0x0000000180b7bc00                __RUNTIME_PSEUDO_RELOC_LIST__ = __rt_psrelocs_start

.eh_frame
 *(.eh_frame*)

.pdata
 *(.pdata*)

.xdata
 *(.xdata*)

.bss            0x0000000180b7c000     0x11a0
                0x0000000180b7c000                __bss_start__ = .
 *(.bss)
 .bss           0x0000000180b7c000       0x40 obj/uefi_main.o
                0x0000000180b7c000                gST
                0x0000000180b7c008                gBS
 .bss           0x0000000180b7c040      0xc20 obj/uefi_bootlog.o
 .bss           0x0000000180b7cc60      0x420 obj/uefi_stdlib.o
 .bss           0x0000000180b7d080        0x0 obj/uefi_string.o
 .bss           0x0000000180b7d080      0x120 obj/uefi_console.o
 .bss           0x0000000180b7d1a0        0x0 obj/uefi_efi_guids.o
 .bss           0x0000000180b7d1a0        0x0 obj/uefi_embedded_kernel_loader.o
 .bss           0x0000000180b7d1a0        0x0 obj/uefi_fat32.o
 .bss           0x0000000180b7d1a0        0x0 obj/uefi_platform_embedded.o
 .bss           0x0000000180b7d1a0        0x0 obj/uefi_hardware_probe.o
 .bss           0x0000000180b7d1a0        0x0 obj/uefi_platform_yaml.o
 *(COMMON)
                0x0000000180b7d1a0                __bss_end__ = .

.edata          0x0000000180b7e000      0xa00
 *(.edata)
 .edata         0x0000000180b7e000      0x888 dll stuff

/DISCARD/
 *(.debug$S)
 *(.debug$T)
 *(.debug$F)
 *(.drectve)
 *(.note.GNU-stack)
 *(.gnu.lto_*)
 *(.gnu_object_only)

.idata          0x0000000180b7f000      0x200
 SORT_BY_NAME(*)(.idata$2)
 SORT_BY_NAME(*)(.idata$3)
                0x0000000180b7f000        0x4 LONG 0x0
                0x0000000180b7f004        0x4 LONG 0x0
                0x0000000180b7f008        0x4 LONG 0x0
                0x0000000180b7f00c        0x4 LONG 0x0
                0x0000000180b7f010        0x4 LONG 0x0
                0x0000000180b7f018                . = ALIGN (0x8)
 *fill*         0x0000000180b7f014        0x4 
 SORT_BY_NAME(*)(.idata$4)
                0x0000000180b7f018                __IAT_start__ = .
 SORT_BY_NAME(*)(.idata$5)
                0x0000000180b7f018                __IAT_end__ = .
 SORT_BY_NAME(*)(.idata$6)
 SORT_BY_NAME(*)(.idata$7)

.didat
 SORT_BY_NAME(*)(.didat$5)

.tls            0x0000000180b80000        0x0
                0x0000000180b80000                ___tls_start__ = .
 *(.tls$AAA)
 *(.tls)
 *(.tls$)
 *(SORT_BY_NAME(.tls$*))
 *(.tls$ZZZ)
                0x0000000180b80000                ___tls_end__ = .

.endjunk        0x0000000180b80000        0x0
                [!provide]                        PROVIDE (end = .)
                [!provide]                        PROVIDE (_end = .)
                0x0000000180b80000                __end__ = .

.rsrc
 *(.rsrc)
 *(.rsrc$*)

.reloc          0x0000000180b80000        0x0
 *(.reloc)
 .reloc         0x0000000180b80000        0x0 dll stuff

.stab
 *(.stab)

.stabstr
 *(.stabstr)

.debug_aranges
 *(.debug_aranges)

.zdebug_aranges
 *(.zdebug_aranges)

.debug_pubnames
 *(.debug_pubnames)

.zdebug_pubnames
 *(.zdebug_pubnames)

.debug_info
 *(.debug_info .gnu.linkonce.wi.*)

.zdebug_info
 *(.zdebug_info .zdebug.gnu.linkonce.wi.*)

.debug_abbrev
 *(.debug_abbrev)

.zdebug_abbrev
 *(.zdebug_abbrev)

.debug_line
 *(.debug_line)

.zdebug_line
 *(.zdebug_line)

.debug_frame
 *(.debug_frame*)

.zdebug_frame
 *(.zdebug_frame*)

.debug_str
 *(.debug_str)

.zdebug_str
 *(.zdebug_str)

.debug_loc
 *(.debug_loc)

.zdebug_loc
 *(.zdebug_loc)

.debug_macinfo
 *(.debug_macinfo)

.zdebug_macinfo
 *(.zdebug_macinfo)

.debug_weaknames
 *(.debug_weaknames)

.zdebug_weaknames
 *(.zdebug_weaknames)

.debug_funcnames
 *(.debug_funcnames)

.zdebug_funcnames
 *(.zdebug_funcnames)

.debug_typenames
 *(.debug_typenames)

.zdebug_typenames
 *(.zdebug_typenames)

.debug_varnames
 *(.debug_varnames)

.zdebug_varnames
 *(.zdebug_varnames)

.debug_pubtypes
 *(.debug_pubtypes)

.zdebug_pubtypes
 *(.zdebug_pubtypes)

.debug_ranges
 *(.debug_ranges)

.zdebug_ranges
 *(.zdebug_ranges)

.debug_types
 *(.debug_types .gnu.linkonce.wt.*)

.zdebug_types
 *(.zdebug_types .gnu.linkonce.wt.*)

.debug_addr
 *(.debug_addr)

.zdebug_addr
 *(.zdebug_addr)

.debug_line_str
 *(.debug_line_str)

.zdebug_line_str
 *(.zdebug_line_str)

.debug_loclists
 *(.debug_loclists)

.zdebug_loclists
 *(.zdebug_loclists)

.debug_macro
 *(.debug_macro)

.zdebug_macro
 *(.zdebug_macro)

.debug_names
 *(.debug_names)

.zdebug_names
 *(.zdebug_names)

.debug_rnglists
 *(.debug_rnglists)

.zdebug_rnglists
 *(.zdebug_rnglists)

.debug_str_offsets
 *(.debug_str_offsets)

.zdebug_str_offsets
 *(.zdebug_str_offsets)

.debug_sup
 *(.debug_sup)

.debug_gdb_scripts
 *(.debug_gdb_scripts)

.zdebug_gdb_scripts
 *(.zdebug_gdb_scripts)
OUTPUT(bin/bootx64.efi pei-x86-64)
LOAD dll stuff
