
Discarded input sections

 .reloc         0x0000000000000000        0x0 dll stuff

Memory Configuration

Name             Origin             Length             Attributes
*default*        0x0000000000000000 0xffffffffffffffff

Linker script and memory map

                0x0000000180000000                __image_base__ = 0x180000000
                0x0000000000000000                __dll__ = 0x0
                0x0000000180000000                __ImageBase = 0x180000000
                0x0000000000001000                __section_alignment__ = 0x1000
                0x0000000000000200                __file_alignment__ = 0x200
                0x0000000000000004                __major_os_version__ = 0x4
                0x0000000000000000                __minor_os_version__ = 0x0
                0x0000000000000000                __major_image_version__ = 0x0
                0x0000000000000000                __minor_image_version__ = 0x0
                0x0000000000000005                __major_subsystem_version__ = 0x5
                0x0000000000000002                __minor_subsystem_version__ = 0x2
                0x000000000000000a                __subsystem__ = 0xa
                0x0000000000200000                __size_of_stack_reserve__ = 0x200000
                0x0000000000001000                __size_of_stack_commit__ = 0x1000
                0x0000000000100000                __size_of_heap_reserve__ = 0x100000
                0x0000000000001000                __size_of_heap_commit__ = 0x1000
                0x0000000000000000                __loader_flags__ = 0x0
                0x0000000000000160                __dll_characteristics__ = 0x160
LOAD obj/uefi_main.o
LOAD obj/uefi_bootlog.o
LOAD obj/uefi_stdlib.o
LOAD obj/uefi_string.o
LOAD obj/uefi_console.o
LOAD obj/uefi_efi_guids.o
LOAD obj/uefi_embedded_kernel_loader.o
LOAD obj/uefi_fat32.o
LOAD obj/uefi_platform_embedded.o
LOAD obj/uefi_hardware_probe.o
LOAD obj/uefi_platform_yaml.o
                0x00000000000002a0                . = SIZEOF_HEADERS
                0x0000000000001000                . = ALIGN (__section_alignment__)

.text           0x0000000180001000     0x7600
 *(SORT_NONE(.init))
 *(.text)
 .text          0x0000000180001000     0x3240 obj/uefi_main.o
                0x0000000180001000                load_file_fat32
                0x0000000180001571                UefiMain
                0x00000001800019d5                load_platform_config
                0x0000000180001b9c                parse_platform_config
                0x0000000180001cda                load_kernel_image
                0x0000000180002a1c                prepare_boot_info
                0x0000000180002d2c                get_memory_map
                0x00000001800031ad                find_acpi_tables
                0x00000001800032d5                load_kernel_segments
                0x0000000180003c7e                exit_boot_services
                0x0000000180003da0                jump_to_kernel
 .text          0x0000000180004240      0x250 obj/uefi_bootlog.o
                0x0000000180004289                bootlog_init
                0x00000001800042b9                bootlog_event
                0x00000001800043b2                bootlog_error
                0x000000018000440d                bootlog_info
                0x0000000180004468                bootlog_get_buffer
                0x0000000180004475                bootlog_get_index
                0x0000000180004481                bootlog_get_start_time
 .text          0x0000000180004490      0x2a0 obj/uefi_stdlib.o
                0x0000000180004514                crc32
                0x0000000180004588                malloc
                0x00000001800045f6                free
                0x000000018000462c                calloc
                0x000000018000467e                realloc
                0x00000001800046d7                atoi
 .text          0x0000000180004730     0x1600 obj/uefi_string.o
                0x0000000180004730                memcpy
                0x000000018000478a                memset
                0x00000001800047cf                memcmp
                0x0000000180004843                strlen
                0x0000000180004877                strcmp
                0x00000001800048c6                strstr
                0x0000000180004987                strncmp
                0x00000001800049f4                strcpy
                0x0000000180004a37                strcat
                0x0000000180004a8c                wcslen
                0x0000000180004ac1                wcscmp
                0x0000000180004b12                wcscpy
                0x0000000180004b49                utf16_to_utf8
                0x0000000180004cdb                utf8_to_utf16
                0x0000000180004ec1                isdigit
                0x0000000180004ee2                isxdigit
                0x0000000180004f1b                isspace
                0x0000000180004f54                toupper
                0x0000000180004f74                tolower
                0x0000000180004f94                strtoull
                0x00000001800050db                strtoll
                0x000000018000516d                snprintf
                0x0000000180005a5f                sscanf
 .text          0x0000000180005d30     0x1210 obj/uefi_console.o
                0x0000000180005d30                console_init
                0x0000000180005db2                console_putchar
                0x0000000180005dd7                console_puts
                0x0000000180005dfb                console_printf
                0x000000018000624b                console_set_color
                0x000000018000626e                console_clear
                0x00000001800062b4                console_set_cursor
                0x000000018000633a                console_get_cursor
                0x000000018000636f                log_set_level
                0x0000000180006489                log_error
                0x00000001800064ce                log_warn
                0x0000000180006513                log_info
                0x0000000180006558                log_debug
                0x000000018000659d                log_trace
                0x00000001800065e2                serial_init
                0x00000001800066aa                serial_putchar
                0x00000001800066ee                serial_puts
                0x000000018000672e                serial_printf
 .text          0x0000000180006f40        0x0 obj/uefi_efi_guids.o
 .text          0x0000000180006f40       0xd0 obj/uefi_embedded_kernel_loader.o
                0x0000000180006f40                load_kernel_image_embedded
 .text          0x0000000180007010      0xde0 obj/uefi_fat32.o
                0x0000000180007360                fat32_init
                0x0000000180007468                fat32_is_valid
                0x0000000180007b36                fat32_open_file
                0x0000000180007bfb                fat32_read_file
                0x0000000180007dac                fat32_free_buffer
 .text          0x0000000180007df0        0x0 obj/uefi_platform_embedded.o
 .text          0x0000000180007df0      0x790 obj/uefi_hardware_probe.o
                0x0000000180007e77                hardware_probe_init
                0x0000000180007ed2                probe_cpu
                0x0000000180008262                probe_memory_topology
                0x000000018000836d                probe_pci_devices
                0x00000001800083c2                probe_interrupt_controller
                0x00000001800084f4                hardware_probe_all
 .text          0x0000000180008580       0x20 obj/uefi_platform_yaml.o
                0x0000000180008580                get_embedded_platform_config
                0x000000018000858d                get_embedded_platform_config_size
 *(SORT_BY_NAME(.text$*))
 *(.text.*)
 *(.gnu.linkonce.t.*)
 *(.glue_7t)
 *(.glue_7)
                0x00000001800085a0                . = ALIGN (0x8)
 *(SORT_NONE(.fini))
 *(.gcc_exc)
                [!provide]                        PROVIDE (etext = .)
 *(.gcc_except_table)

.data           0x0000000180009000      0x200
                0x0000000180009000                __data_start__ = .
 *(.data)
 .data          0x0000000180009000       0x80 obj/uefi_main.o
 .data          0x0000000180009080        0x0 obj/uefi_bootlog.o
 .data          0x0000000180009080        0x0 obj/uefi_stdlib.o
 .data          0x0000000180009080        0x0 obj/uefi_string.o
 .data          0x0000000180009080       0x10 obj/uefi_console.o
 .data          0x0000000180009090       0x60 obj/uefi_efi_guids.o
                0x0000000180009090                gEfiLoadedImageProtocolGuid
                0x00000001800090a0                gEfiSimpleFileSystemProtocolGuid
                0x00000001800090b0                gEfiBlockIoProtocolGuid
                0x00000001800090c0                gEfiFileInfoGuid
                0x00000001800090d0                gEfiAcpi20TableGuid
                0x00000001800090e0                gEfiAcpiTableGuid
 .data          0x00000001800090f0        0x0 obj/uefi_embedded_kernel_loader.o
 .data          0x00000001800090f0        0x0 obj/uefi_fat32.o
 .data          0x00000001800090f0        0x0 obj/uefi_platform_embedded.o
 .data          0x00000001800090f0        0x0 obj/uefi_hardware_probe.o
 .data          0x00000001800090f0        0x0 obj/uefi_platform_yaml.o
 *(.data2)
 *(SORT_BY_NAME(.data$*))
 *(.jcr)
                0x00000001800090f0                __data_end__ = .
 *(.data_cygwin_nocopy)

.rdata          0x000000018000a000    0x23c00
 *(.rdata)
 .rdata         0x000000018000a000     0x23e0 obj/uefi_main.o
 .rdata         0x000000018000c3e0       0x50 obj/uefi_bootlog.o
 .rdata         0x000000018000c430       0x20 obj/uefi_string.o
 .rdata         0x000000018000c450       0x40 obj/uefi_console.o
 *fill*         0x000000018000c490       0x10 
 .rdata         0x000000018000c4a0    0x1f980 obj/uefi_embedded_kernel_loader.o
                0x000000018002bce8                bin_hic_kernel_hic_len
 .rdata         0x000000018002be20      0x220 obj/uefi_fat32.o
 .rdata         0x000000018002c040      0x2b0 obj/uefi_hardware_probe.o
 *fill*         0x000000018002c2f0       0x10 
 .rdata         0x000000018002c300     0x1700 obj/uefi_platform_yaml.o
 *(SORT_BY_NAME(.rdata$*))
 .rdata$zzz     0x000000018002da00       0x20 obj/uefi_main.o
 .rdata$zzz     0x000000018002da20       0x20 obj/uefi_bootlog.o
 .rdata$zzz     0x000000018002da40       0x20 obj/uefi_stdlib.o
 .rdata$zzz     0x000000018002da60       0x20 obj/uefi_string.o
 .rdata$zzz     0x000000018002da80       0x20 obj/uefi_console.o
 .rdata$zzz     0x000000018002daa0       0x20 obj/uefi_efi_guids.o
 .rdata$zzz     0x000000018002dac0       0x20 obj/uefi_embedded_kernel_loader.o
 .rdata$zzz     0x000000018002dae0       0x20 obj/uefi_fat32.o
 .rdata$zzz     0x000000018002db00       0x20 obj/uefi_platform_embedded.o
 .rdata$zzz     0x000000018002db20       0x20 obj/uefi_hardware_probe.o
 .rdata$zzz     0x000000018002db40       0x20 obj/uefi_platform_yaml.o
                0x000000018002db60                . = ALIGN (0x4)
                0x000000018002db60                __rt_psrelocs_start = .
 *(.rdata_runtime_pseudo_reloc)
                0x000000018002db60                __rt_psrelocs_end = .
                0x000000018002db60                . = ALIGN (0x8)
                0x000000018002db60                __DELAY_IMPORT_DIRECTORY_start__ = .
 SORT_BY_NAME(*)(.didat$2)
 SORT_BY_NAME(*)(.didat$3)
                0x000000018002db60                __DELAY_IMPORT_DIRECTORY_end__ = .
                0x000000018002db60                . = (. + (__DELAY_IMPORT_DIRECTORY_end__ - __DELAY_IMPORT_DIRECTORY_start__)?0x20:0x0)
                0x000000018002db60                . = ALIGN (0x8)
 SORT_BY_NAME(*)(.didat$4)
 SORT_BY_NAME(*)(.didat$6)
 SORT_BY_NAME(*)(.didat$7)
                0x000000018002db60                . = ALIGN (0x8)
                0x000000018002db60                ___CTOR_LIST__ = .
                0x000000018002db60                __CTOR_LIST__ = .
                0x000000018002db60        0x4 LONG 0xffffffffffffffff
                0x000000018002db64        0x4 LONG 0xffffffffffffffff
 *(.ctors)
 *(.ctor)
 *(SORT_BY_NAME(.ctors.*))
                0x000000018002db68        0x4 LONG 0x0
                0x000000018002db6c        0x4 LONG 0x0
                0x000000018002db70                ___DTOR_LIST__ = .
                0x000000018002db70                __DTOR_LIST__ = .
                0x000000018002db70        0x4 LONG 0xffffffffffffffff
                0x000000018002db74        0x4 LONG 0xffffffffffffffff
 *(.dtors)
 *(.dtor)
 *(SORT_BY_NAME(.dtors.*))
                0x000000018002db78        0x4 LONG 0x0
                0x000000018002db7c        0x4 LONG 0x0
                0x000000018002db80                ___crt_xc_start__ = .
 *(SORT_BY_NAME(.CRT$XC*))
                0x000000018002db80                ___crt_xc_end__ = .
                0x000000018002db80                ___crt_xi_start__ = .
 *(SORT_BY_NAME(.CRT$XI*))
                0x000000018002db80                ___crt_xi_end__ = .
                0x000000018002db80                ___crt_xl_start__ = .
 *(SORT_BY_NAME(.CRT$XL*))
                0x000000018002db80                ___crt_xp_start__ = .
 *(SORT_BY_NAME(.CRT$XP*))
                0x000000018002db80                ___crt_xp_end__ = .
                0x000000018002db80                ___crt_xt_start__ = .
 *(SORT_BY_NAME(.CRT$XT*))
                0x000000018002db80                ___crt_xt_end__ = .
                0x000000018002db80                ___crt_xd_start__ = .
 *(SORT_BY_NAME(.CRT$XD*))
                0x000000018002db80                ___crt_xd_end__ = .
                0x000000018002db60                ___RUNTIME_PSEUDO_RELOC_LIST_END__ = __rt_psrelocs_end
                0x000000018002db60                __RUNTIME_PSEUDO_RELOC_LIST_END__ = __rt_psrelocs_end
                0x000000018002db60                ___RUNTIME_PSEUDO_RELOC_LIST__ = __rt_psrelocs_start
                0x000000018002db60                __RUNTIME_PSEUDO_RELOC_LIST__ = __rt_psrelocs_start

.eh_frame
 *(.eh_frame*)

.pdata
 *(.pdata*)

.xdata
 *(.xdata*)

.bss            0x000000018002e000     0x11a0
                0x000000018002e000                __bss_start__ = .
 *(.bss)
 .bss           0x000000018002e000       0x40 obj/uefi_main.o
                0x000000018002e000                gST
                0x000000018002e008                gBS
 .bss           0x000000018002e040      0xc20 obj/uefi_bootlog.o
 .bss           0x000000018002ec60      0x420 obj/uefi_stdlib.o
 .bss           0x000000018002f080        0x0 obj/uefi_string.o
 .bss           0x000000018002f080      0x120 obj/uefi_console.o
 .bss           0x000000018002f1a0        0x0 obj/uefi_efi_guids.o
 .bss           0x000000018002f1a0        0x0 obj/uefi_embedded_kernel_loader.o
 .bss           0x000000018002f1a0        0x0 obj/uefi_fat32.o
 .bss           0x000000018002f1a0        0x0 obj/uefi_platform_embedded.o
 .bss           0x000000018002f1a0        0x0 obj/uefi_hardware_probe.o
 .bss           0x000000018002f1a0        0x0 obj/uefi_platform_yaml.o
 *(COMMON)
                0x000000018002f1a0                __bss_end__ = .

.edata          0x0000000180030000      0xa00
 *(.edata)
 .edata         0x0000000180030000      0x86d dll stuff

/DISCARD/
 *(.debug$S)
 *(.debug$T)
 *(.debug$F)
 *(.drectve)
 *(.note.GNU-stack)
 *(.gnu.lto_*)
 *(.gnu_object_only)

.idata          0x0000000180031000      0x200
 SORT_BY_NAME(*)(.idata$2)
 SORT_BY_NAME(*)(.idata$3)
                0x0000000180031000        0x4 LONG 0x0
                0x0000000180031004        0x4 LONG 0x0
                0x0000000180031008        0x4 LONG 0x0
                0x000000018003100c        0x4 LONG 0x0
                0x0000000180031010        0x4 LONG 0x0
                0x0000000180031018                . = ALIGN (0x8)
 *fill*         0x0000000180031014        0x4 
 SORT_BY_NAME(*)(.idata$4)
                0x0000000180031018                __IAT_start__ = .
 SORT_BY_NAME(*)(.idata$5)
                0x0000000180031018                __IAT_end__ = .
 SORT_BY_NAME(*)(.idata$6)
 SORT_BY_NAME(*)(.idata$7)

.didat
 SORT_BY_NAME(*)(.didat$5)

.tls            0x0000000180032000        0x0
                0x0000000180032000                ___tls_start__ = .
 *(.tls$AAA)
 *(.tls)
 *(.tls$)
 *(SORT_BY_NAME(.tls$*))
 *(.tls$ZZZ)
                0x0000000180032000                ___tls_end__ = .

.endjunk        0x0000000180032000        0x0
                [!provide]                        PROVIDE (end = .)
                [!provide]                        PROVIDE (_end = .)
                0x0000000180032000                __end__ = .

.rsrc
 *(.rsrc)
 *(.rsrc$*)

.reloc          0x0000000180032000        0x0
 *(.reloc)
 .reloc         0x0000000180032000        0x0 dll stuff

.stab
 *(.stab)

.stabstr
 *(.stabstr)

.debug_aranges
 *(.debug_aranges)

.zdebug_aranges
 *(.zdebug_aranges)

.debug_pubnames
 *(.debug_pubnames)

.zdebug_pubnames
 *(.zdebug_pubnames)

.debug_info
 *(.debug_info .gnu.linkonce.wi.*)

.zdebug_info
 *(.zdebug_info .zdebug.gnu.linkonce.wi.*)

.debug_abbrev
 *(.debug_abbrev)

.zdebug_abbrev
 *(.zdebug_abbrev)

.debug_line
 *(.debug_line)

.zdebug_line
 *(.zdebug_line)

.debug_frame
 *(.debug_frame*)

.zdebug_frame
 *(.zdebug_frame*)

.debug_str
 *(.debug_str)

.zdebug_str
 *(.zdebug_str)

.debug_loc
 *(.debug_loc)

.zdebug_loc
 *(.zdebug_loc)

.debug_macinfo
 *(.debug_macinfo)

.zdebug_macinfo
 *(.zdebug_macinfo)

.debug_weaknames
 *(.debug_weaknames)

.zdebug_weaknames
 *(.zdebug_weaknames)

.debug_funcnames
 *(.debug_funcnames)

.zdebug_funcnames
 *(.zdebug_funcnames)

.debug_typenames
 *(.debug_typenames)

.zdebug_typenames
 *(.zdebug_typenames)

.debug_varnames
 *(.debug_varnames)

.zdebug_varnames
 *(.zdebug_varnames)

.debug_pubtypes
 *(.debug_pubtypes)

.zdebug_pubtypes
 *(.zdebug_pubtypes)

.debug_ranges
 *(.debug_ranges)

.zdebug_ranges
 *(.zdebug_ranges)

.debug_types
 *(.debug_types .gnu.linkonce.wt.*)

.zdebug_types
 *(.zdebug_types .gnu.linkonce.wt.*)

.debug_addr
 *(.debug_addr)

.zdebug_addr
 *(.zdebug_addr)

.debug_line_str
 *(.debug_line_str)

.zdebug_line_str
 *(.zdebug_line_str)

.debug_loclists
 *(.debug_loclists)

.zdebug_loclists
 *(.zdebug_loclists)

.debug_macro
 *(.debug_macro)

.zdebug_macro
 *(.zdebug_macro)

.debug_names
 *(.debug_names)

.zdebug_names
 *(.zdebug_names)

.debug_rnglists
 *(.debug_rnglists)

.zdebug_rnglists
 *(.zdebug_rnglists)

.debug_str_offsets
 *(.debug_str_offsets)

.zdebug_str_offsets
 *(.zdebug_str_offsets)

.debug_sup
 *(.debug_sup)

.debug_gdb_scripts
 *(.debug_gdb_scripts)

.zdebug_gdb_scripts
 *(.zdebug_gdb_scripts)
OUTPUT(bin/bootx64.efi pei-x86-64)
LOAD dll stuff
