
Discarded input sections

 .reloc         0x0000000000000000        0x0 dll stuff

Memory Configuration

Name             Origin             Length             Attributes
*default*        0x0000000000000000 0xffffffffffffffff

Linker script and memory map

                0x0000000180000000                __image_base__ = 0x180000000
                0x0000000000000000                __dll__ = 0x0
                0x0000000180000000                __ImageBase = 0x180000000
                0x0000000000001000                __section_alignment__ = 0x1000
                0x0000000000000200                __file_alignment__ = 0x200
                0x0000000000000004                __major_os_version__ = 0x4
                0x0000000000000000                __minor_os_version__ = 0x0
                0x0000000000000000                __major_image_version__ = 0x0
                0x0000000000000000                __minor_image_version__ = 0x0
                0x0000000000000005                __major_subsystem_version__ = 0x5
                0x0000000000000002                __minor_subsystem_version__ = 0x2
                0x000000000000000a                __subsystem__ = 0xa
                0x0000000000200000                __size_of_stack_reserve__ = 0x200000
                0x0000000000001000                __size_of_stack_commit__ = 0x1000
                0x0000000000100000                __size_of_heap_reserve__ = 0x100000
                0x0000000000001000                __size_of_heap_commit__ = 0x1000
                0x0000000000000000                __loader_flags__ = 0x0
                0x0000000000000160                __dll_characteristics__ = 0x160
LOAD obj/uefi_main.o
LOAD obj/uefi_bootlog.o
LOAD obj/uefi_stdlib.o
LOAD obj/uefi_string.o
LOAD obj/uefi_console.o
LOAD obj/uefi_efi_guids.o
LOAD obj/uefi_embedded_kernel_loader.o
LOAD obj/uefi_fat32.o
LOAD obj/uefi_platform_embedded.o
LOAD obj/uefi_hardware_probe.o
LOAD obj/uefi_platform_yaml.o
                0x00000000000002a0                . = SIZEOF_HEADERS
                0x0000000000001000                . = ALIGN (__section_alignment__)

.text           0x0000000180001000     0x9400
 *(SORT_NONE(.init))
 *(.text)
 .text          0x0000000180001000     0x40d0 obj/uefi_main.o
                0x0000000180001017                load_file_fat32
                0x0000000180001adc                UefiMain
                0x0000000180001f40                load_platform_config
                0x00000001800020d2                parse_platform_config
                0x0000000180002210                load_kernel_image
                0x0000000180002f52                prepare_boot_info
                0x00000001800033f8                get_memory_map
                0x0000000180003846                find_acpi_tables
                0x000000018000396e                load_kernel_segments
                0x0000000180004a69                exit_boot_services
                0x0000000180004b8b                jump_to_kernel
 .text          0x00000001800050d0      0x250 obj/uefi_bootlog.o
                0x0000000180005119                bootlog_init
                0x0000000180005149                bootlog_event
                0x0000000180005242                bootlog_error
                0x000000018000529d                bootlog_info
                0x00000001800052f8                bootlog_get_buffer
                0x0000000180005305                bootlog_get_index
                0x0000000180005311                bootlog_get_start_time
 .text          0x0000000180005320      0x2a0 obj/uefi_stdlib.o
                0x00000001800053a4                crc32
                0x0000000180005418                malloc
                0x0000000180005486                free
                0x00000001800054bc                calloc
                0x000000018000550e                realloc
                0x0000000180005567                atoi
 .text          0x00000001800055c0     0x1600 obj/uefi_string.o
                0x00000001800055c0                memcpy
                0x000000018000561a                memset
                0x000000018000565f                memcmp
                0x00000001800056d3                strlen
                0x0000000180005707                strcmp
                0x0000000180005756                strstr
                0x0000000180005817                strncmp
                0x0000000180005884                strcpy
                0x00000001800058c7                strcat
                0x000000018000591c                wcslen
                0x0000000180005951                wcscmp
                0x00000001800059a2                wcscpy
                0x00000001800059d9                utf16_to_utf8
                0x0000000180005b6b                utf8_to_utf16
                0x0000000180005d51                isdigit
                0x0000000180005d72                isxdigit
                0x0000000180005dab                isspace
                0x0000000180005de4                toupper
                0x0000000180005e04                tolower
                0x0000000180005e24                strtoull
                0x0000000180005f6b                strtoll
                0x0000000180005ffd                snprintf
                0x00000001800068ef                sscanf
 .text          0x0000000180006bc0     0x14d0 obj/uefi_console.o
                0x0000000180006bc0                console_init
                0x0000000180006c42                console_putchar
                0x0000000180006c67                console_puts
                0x0000000180006c8b                console_printf
                0x0000000180007367                console_set_color
                0x000000018000738a                console_clear
                0x00000001800073d0                console_set_cursor
                0x0000000180007456                console_get_cursor
                0x000000018000748b                log_set_level
                0x00000001800075a5                log_error
                0x00000001800075ea                log_warn
                0x000000018000762f                log_info
                0x0000000180007674                log_debug
                0x00000001800076b9                log_trace
                0x00000001800076fe                serial_init
                0x00000001800077c6                serial_putchar
                0x000000018000783c                serial_puts
                0x000000018000787c                serial_printf
 .text          0x0000000180008090        0x0 obj/uefi_efi_guids.o
 .text          0x0000000180008090       0xe0 obj/uefi_embedded_kernel_loader.o
                0x0000000180008090                load_kernel_image_embedded
 .text          0x0000000180008170      0xe40 obj/uefi_fat32.o
                0x00000001800084b6                fat32_init
                0x0000000180008633                fat32_is_valid
                0x0000000180008d01                fat32_open_file
                0x0000000180008dc6                fat32_read_file
                0x0000000180008f77                fat32_free_buffer
 .text          0x0000000180008fb0        0x0 obj/uefi_platform_embedded.o
 .text          0x0000000180008fb0     0x12b0 obj/uefi_hardware_probe.o
                0x000000018000905b                hardware_probe_init
                0x0000000180009160                probe_cpu
                0x00000001800094f0                probe_memory_topology
                0x00000001800095fb                probe_pci_devices
                0x00000001800098ae                probe_interrupt_controller
                0x00000001800099e0                hardware_probe_all
                0x0000000180009c10                probe_acpi_info
                0x0000000180009fe0                probe_timers_and_serial
 .text          0x000000018000a260       0x20 obj/uefi_platform_yaml.o
                0x000000018000a260                get_embedded_platform_config
                0x000000018000a26d                get_embedded_platform_config_size
 *(SORT_BY_NAME(.text$*))
 *(.text.*)
 *(.gnu.linkonce.t.*)
 *(.glue_7t)
 *(.glue_7)
                0x000000018000a280                . = ALIGN (0x8)
 *(SORT_NONE(.fini))
 *(.gcc_exc)
                [!provide]                        PROVIDE (etext = .)
 *(.gcc_except_table)

.data           0x000000018000b000      0x200
                0x000000018000b000                __data_start__ = .
 *(.data)
 .data          0x000000018000b000       0x80 obj/uefi_main.o
 .data          0x000000018000b080        0x0 obj/uefi_bootlog.o
 .data          0x000000018000b080        0x0 obj/uefi_stdlib.o
 .data          0x000000018000b080        0x0 obj/uefi_string.o
 .data          0x000000018000b080       0x10 obj/uefi_console.o
 .data          0x000000018000b090       0x60 obj/uefi_efi_guids.o
                0x000000018000b090                gEfiLoadedImageProtocolGuid
                0x000000018000b0a0                gEfiSimpleFileSystemProtocolGuid
                0x000000018000b0b0                gEfiBlockIoProtocolGuid
                0x000000018000b0c0                gEfiFileInfoGuid
                0x000000018000b0d0                gEfiAcpi20TableGuid
                0x000000018000b0e0                gEfiAcpiTableGuid
 .data          0x000000018000b0f0        0x0 obj/uefi_embedded_kernel_loader.o
 .data          0x000000018000b0f0        0x0 obj/uefi_fat32.o
 .data          0x000000018000b0f0        0x0 obj/uefi_platform_embedded.o
 .data          0x000000018000b0f0        0x0 obj/uefi_hardware_probe.o
 .data          0x000000018000b0f0        0x0 obj/uefi_platform_yaml.o
 *(.data2)
 *(SORT_BY_NAME(.data$*))
 *(.jcr)
                0x000000018000b0f0                __data_end__ = .
 *(.data_cygwin_nocopy)

.rdata          0x000000018000c000  0x1013a00
 *(.rdata)
 .rdata         0x000000018000c000     0x29e0 obj/uefi_main.o
 .rdata         0x000000018000e9e0       0x50 obj/uefi_bootlog.o
 .rdata         0x000000018000ea30       0x20 obj/uefi_string.o
 .rdata         0x000000018000ea50       0x40 obj/uefi_console.o
 *fill*         0x000000018000ea90       0x10 
 .rdata         0x000000018000eaa0  0x100d260 obj/uefi_embedded_kernel_loader.o
 .rdata         0x000000018101bd00      0x2e0 obj/uefi_fat32.o
 .rdata         0x000000018101bfe0      0x610 obj/uefi_hardware_probe.o
 *fill*         0x000000018101c5f0       0x10 
 .rdata         0x000000018101c600     0x3140 obj/uefi_platform_yaml.o
 *(SORT_BY_NAME(.rdata$*))
 .rdata$zzz     0x000000018101f740       0x20 obj/uefi_main.o
 .rdata$zzz     0x000000018101f760       0x20 obj/uefi_bootlog.o
 .rdata$zzz     0x000000018101f780       0x20 obj/uefi_stdlib.o
 .rdata$zzz     0x000000018101f7a0       0x20 obj/uefi_string.o
 .rdata$zzz     0x000000018101f7c0       0x20 obj/uefi_console.o
 .rdata$zzz     0x000000018101f7e0       0x20 obj/uefi_efi_guids.o
 .rdata$zzz     0x000000018101f800       0x20 obj/uefi_embedded_kernel_loader.o
 .rdata$zzz     0x000000018101f820       0x20 obj/uefi_fat32.o
 .rdata$zzz     0x000000018101f840       0x20 obj/uefi_platform_embedded.o
 .rdata$zzz     0x000000018101f860       0x20 obj/uefi_hardware_probe.o
 .rdata$zzz     0x000000018101f880       0x20 obj/uefi_platform_yaml.o
                0x000000018101f8a0                . = ALIGN (0x4)
                0x000000018101f8a0                __rt_psrelocs_start = .
 *(.rdata_runtime_pseudo_reloc)
                0x000000018101f8a0                __rt_psrelocs_end = .
                0x000000018101f8a0                . = ALIGN (0x8)
                0x000000018101f8a0                __DELAY_IMPORT_DIRECTORY_start__ = .
 SORT_BY_NAME(*)(.didat$2)
 SORT_BY_NAME(*)(.didat$3)
                0x000000018101f8a0                __DELAY_IMPORT_DIRECTORY_end__ = .
                0x000000018101f8a0                . = (. + (__DELAY_IMPORT_DIRECTORY_end__ - __DELAY_IMPORT_DIRECTORY_start__)?0x20:0x0)
                0x000000018101f8a0                . = ALIGN (0x8)
 SORT_BY_NAME(*)(.didat$4)
 SORT_BY_NAME(*)(.didat$6)
 SORT_BY_NAME(*)(.didat$7)
                0x000000018101f8a0                . = ALIGN (0x8)
                0x000000018101f8a0                ___CTOR_LIST__ = .
                0x000000018101f8a0                __CTOR_LIST__ = .
                0x000000018101f8a0        0x4 LONG 0xffffffffffffffff
                0x000000018101f8a4        0x4 LONG 0xffffffffffffffff
 *(.ctors)
 *(.ctor)
 *(SORT_BY_NAME(.ctors.*))
                0x000000018101f8a8        0x4 LONG 0x0
                0x000000018101f8ac        0x4 LONG 0x0
                0x000000018101f8b0                ___DTOR_LIST__ = .
                0x000000018101f8b0                __DTOR_LIST__ = .
                0x000000018101f8b0        0x4 LONG 0xffffffffffffffff
                0x000000018101f8b4        0x4 LONG 0xffffffffffffffff
 *(.dtors)
 *(.dtor)
 *(SORT_BY_NAME(.dtors.*))
                0x000000018101f8b8        0x4 LONG 0x0
                0x000000018101f8bc        0x4 LONG 0x0
                0x000000018101f8c0                ___crt_xc_start__ = .
 *(SORT_BY_NAME(.CRT$XC*))
                0x000000018101f8c0                ___crt_xc_end__ = .
                0x000000018101f8c0                ___crt_xi_start__ = .
 *(SORT_BY_NAME(.CRT$XI*))
                0x000000018101f8c0                ___crt_xi_end__ = .
                0x000000018101f8c0                ___crt_xl_start__ = .
 *(SORT_BY_NAME(.CRT$XL*))
                0x000000018101f8c0                ___crt_xp_start__ = .
 *(SORT_BY_NAME(.CRT$XP*))
                0x000000018101f8c0                ___crt_xp_end__ = .
                0x000000018101f8c0                ___crt_xt_start__ = .
 *(SORT_BY_NAME(.CRT$XT*))
                0x000000018101f8c0                ___crt_xt_end__ = .
                0x000000018101f8c0                ___crt_xd_start__ = .
 *(SORT_BY_NAME(.CRT$XD*))
                0x000000018101f8c0                ___crt_xd_end__ = .
                0x000000018101f8a0                ___RUNTIME_PSEUDO_RELOC_LIST_END__ = __rt_psrelocs_end
                0x000000018101f8a0                __RUNTIME_PSEUDO_RELOC_LIST_END__ = __rt_psrelocs_end
                0x000000018101f8a0                ___RUNTIME_PSEUDO_RELOC_LIST__ = __rt_psrelocs_start
                0x000000018101f8a0                __RUNTIME_PSEUDO_RELOC_LIST__ = __rt_psrelocs_start

.eh_frame
 *(.eh_frame*)

.pdata
 *(.pdata*)

.xdata
 *(.xdata*)

.bss            0x0000000181020000     0x11a0
                0x0000000181020000                __bss_start__ = .
 *(.bss)
 .bss           0x0000000181020000       0x40 obj/uefi_main.o
                0x0000000181020000                gST
                0x0000000181020008                gBS
 .bss           0x0000000181020040      0xc20 obj/uefi_bootlog.o
 .bss           0x0000000181020c60      0x420 obj/uefi_stdlib.o
 .bss           0x0000000181021080        0x0 obj/uefi_string.o
 .bss           0x0000000181021080      0x120 obj/uefi_console.o
 .bss           0x00000001810211a0        0x0 obj/uefi_efi_guids.o
 .bss           0x00000001810211a0        0x0 obj/uefi_embedded_kernel_loader.o
 .bss           0x00000001810211a0        0x0 obj/uefi_fat32.o
 .bss           0x00000001810211a0        0x0 obj/uefi_platform_embedded.o
 .bss           0x00000001810211a0        0x0 obj/uefi_hardware_probe.o
 .bss           0x00000001810211a0        0x0 obj/uefi_platform_yaml.o
 *(COMMON)
                0x00000001810211a0                __bss_end__ = .

.edata          0x0000000181022000      0xa00
 *(.edata)
 .edata         0x0000000181022000      0x888 dll stuff

/DISCARD/
 *(.debug$S)
 *(.debug$T)
 *(.debug$F)
 *(.drectve)
 *(.note.GNU-stack)
 *(.gnu.lto_*)
 *(.gnu_object_only)

.idata          0x0000000181023000      0x200
 SORT_BY_NAME(*)(.idata$2)
 SORT_BY_NAME(*)(.idata$3)
                0x0000000181023000        0x4 LONG 0x0
                0x0000000181023004        0x4 LONG 0x0
                0x0000000181023008        0x4 LONG 0x0
                0x000000018102300c        0x4 LONG 0x0
                0x0000000181023010        0x4 LONG 0x0
                0x0000000181023018                . = ALIGN (0x8)
 *fill*         0x0000000181023014        0x4 
 SORT_BY_NAME(*)(.idata$4)
                0x0000000181023018                __IAT_start__ = .
 SORT_BY_NAME(*)(.idata$5)
                0x0000000181023018                __IAT_end__ = .
 SORT_BY_NAME(*)(.idata$6)
 SORT_BY_NAME(*)(.idata$7)

.didat
 SORT_BY_NAME(*)(.didat$5)

.tls            0x0000000181024000        0x0
                0x0000000181024000                ___tls_start__ = .
 *(.tls$AAA)
 *(.tls)
 *(.tls$)
 *(SORT_BY_NAME(.tls$*))
 *(.tls$ZZZ)
                0x0000000181024000                ___tls_end__ = .

.endjunk        0x0000000181024000        0x0
                [!provide]                        PROVIDE (end = .)
                [!provide]                        PROVIDE (_end = .)
                0x0000000181024000                __end__ = .

.rsrc
 *(.rsrc)
 *(.rsrc$*)

.reloc          0x0000000181024000        0x0
 *(.reloc)
 .reloc         0x0000000181024000        0x0 dll stuff

.stab
 *(.stab)

.stabstr
 *(.stabstr)

.debug_aranges
 *(.debug_aranges)

.zdebug_aranges
 *(.zdebug_aranges)

.debug_pubnames
 *(.debug_pubnames)

.zdebug_pubnames
 *(.zdebug_pubnames)

.debug_info
 *(.debug_info .gnu.linkonce.wi.*)

.zdebug_info
 *(.zdebug_info .zdebug.gnu.linkonce.wi.*)

.debug_abbrev
 *(.debug_abbrev)

.zdebug_abbrev
 *(.zdebug_abbrev)

.debug_line
 *(.debug_line)

.zdebug_line
 *(.zdebug_line)

.debug_frame
 *(.debug_frame*)

.zdebug_frame
 *(.zdebug_frame*)

.debug_str
 *(.debug_str)

.zdebug_str
 *(.zdebug_str)

.debug_loc
 *(.debug_loc)

.zdebug_loc
 *(.zdebug_loc)

.debug_macinfo
 *(.debug_macinfo)

.zdebug_macinfo
 *(.zdebug_macinfo)

.debug_weaknames
 *(.debug_weaknames)

.zdebug_weaknames
 *(.zdebug_weaknames)

.debug_funcnames
 *(.debug_funcnames)

.zdebug_funcnames
 *(.zdebug_funcnames)

.debug_typenames
 *(.debug_typenames)

.zdebug_typenames
 *(.zdebug_typenames)

.debug_varnames
 *(.debug_varnames)

.zdebug_varnames
 *(.zdebug_varnames)

.debug_pubtypes
 *(.debug_pubtypes)

.zdebug_pubtypes
 *(.zdebug_pubtypes)

.debug_ranges
 *(.debug_ranges)

.zdebug_ranges
 *(.zdebug_ranges)

.debug_types
 *(.debug_types .gnu.linkonce.wt.*)

.zdebug_types
 *(.zdebug_types .gnu.linkonce.wt.*)

.debug_addr
 *(.debug_addr)

.zdebug_addr
 *(.zdebug_addr)

.debug_line_str
 *(.debug_line_str)

.zdebug_line_str
 *(.zdebug_line_str)

.debug_loclists
 *(.debug_loclists)

.zdebug_loclists
 *(.zdebug_loclists)

.debug_macro
 *(.debug_macro)

.zdebug_macro
 *(.zdebug_macro)

.debug_names
 *(.debug_names)

.zdebug_names
 *(.zdebug_names)

.debug_rnglists
 *(.debug_rnglists)

.zdebug_rnglists
 *(.zdebug_rnglists)

.debug_str_offsets
 *(.debug_str_offsets)

.zdebug_str_offsets
 *(.zdebug_str_offsets)

.debug_sup
 *(.debug_sup)

.debug_gdb_scripts
 *(.debug_gdb_scripts)

.zdebug_gdb_scripts
 *(.zdebug_gdb_scripts)
OUTPUT(bin/bootx64.efi pei-x86-64)
LOAD dll stuff
