
Discarded input sections

 .reloc         0x0000000000000000        0x0 dll stuff

Memory Configuration

Name             Origin             Length             Attributes
*default*        0x0000000000000000 0xffffffffffffffff

Linker script and memory map

                0x0000000180000000                __image_base__ = 0x180000000
                0x0000000000000000                __dll__ = 0x0
                0x0000000180000000                __ImageBase = 0x180000000
                0x0000000000001000                __section_alignment__ = 0x1000
                0x0000000000000200                __file_alignment__ = 0x200
                0x0000000000000004                __major_os_version__ = 0x4
                0x0000000000000000                __minor_os_version__ = 0x0
                0x0000000000000000                __major_image_version__ = 0x0
                0x0000000000000000                __minor_image_version__ = 0x0
                0x0000000000000005                __major_subsystem_version__ = 0x5
                0x0000000000000002                __minor_subsystem_version__ = 0x2
                0x000000000000000a                __subsystem__ = 0xa
                0x0000000000200000                __size_of_stack_reserve__ = 0x200000
                0x0000000000001000                __size_of_stack_commit__ = 0x1000
                0x0000000000100000                __size_of_heap_reserve__ = 0x100000
                0x0000000000001000                __size_of_heap_commit__ = 0x1000
                0x0000000000000000                __loader_flags__ = 0x0
                0x0000000000000160                __dll_characteristics__ = 0x160
LOAD obj/uefi_main.o
LOAD obj/uefi_bootlog.o
LOAD obj/uefi_stdlib.o
LOAD obj/uefi_string.o
LOAD obj/uefi_console.o
LOAD obj/uefi_efi_guids.o
LOAD obj/uefi_embedded_kernel_loader.o
LOAD obj/uefi_fat32.o
LOAD obj/uefi_platform_embedded.o
LOAD obj/uefi_hardware_probe.o
LOAD obj/uefi_platform_yaml.o
                0x00000000000002a0                . = SIZEOF_HEADERS
                0x0000000000001000                . = ALIGN (__section_alignment__)

.text           0x0000000180001000     0x9400
 *(SORT_NONE(.init))
 *(.text)
 .text          0x0000000180001000     0x4100 obj/uefi_main.o
                0x0000000180001017                load_file_fat32
                0x0000000180001adc                UefiMain
                0x0000000180001f40                load_platform_config
                0x00000001800020d2                parse_platform_config
                0x0000000180002210                load_kernel_image
                0x0000000180002f52                prepare_boot_info
                0x00000001800033f8                get_memory_map
                0x0000000180003879                find_acpi_tables
                0x00000001800039a1                load_kernel_segments
                0x0000000180004a9c                exit_boot_services
                0x0000000180004bbe                jump_to_kernel
 .text          0x0000000180005100      0x250 obj/uefi_bootlog.o
                0x0000000180005149                bootlog_init
                0x0000000180005179                bootlog_event
                0x0000000180005272                bootlog_error
                0x00000001800052cd                bootlog_info
                0x0000000180005328                bootlog_get_buffer
                0x0000000180005335                bootlog_get_index
                0x0000000180005341                bootlog_get_start_time
 .text          0x0000000180005350      0x2a0 obj/uefi_stdlib.o
                0x00000001800053d4                crc32
                0x0000000180005448                malloc
                0x00000001800054b6                free
                0x00000001800054ec                calloc
                0x000000018000553e                realloc
                0x0000000180005597                atoi
 .text          0x00000001800055f0     0x1600 obj/uefi_string.o
                0x00000001800055f0                memcpy
                0x000000018000564a                memset
                0x000000018000568f                memcmp
                0x0000000180005703                strlen
                0x0000000180005737                strcmp
                0x0000000180005786                strstr
                0x0000000180005847                strncmp
                0x00000001800058b4                strcpy
                0x00000001800058f7                strcat
                0x000000018000594c                wcslen
                0x0000000180005981                wcscmp
                0x00000001800059d2                wcscpy
                0x0000000180005a09                utf16_to_utf8
                0x0000000180005b9b                utf8_to_utf16
                0x0000000180005d81                isdigit
                0x0000000180005da2                isxdigit
                0x0000000180005ddb                isspace
                0x0000000180005e14                toupper
                0x0000000180005e34                tolower
                0x0000000180005e54                strtoull
                0x0000000180005f9b                strtoll
                0x000000018000602d                snprintf
                0x000000018000691f                sscanf
 .text          0x0000000180006bf0     0x14d0 obj/uefi_console.o
                0x0000000180006bf0                console_init
                0x0000000180006c72                console_putchar
                0x0000000180006c97                console_puts
                0x0000000180006cbb                console_printf
                0x0000000180007397                console_set_color
                0x00000001800073ba                console_clear
                0x0000000180007400                console_set_cursor
                0x0000000180007486                console_get_cursor
                0x00000001800074bb                log_set_level
                0x00000001800075d5                log_error
                0x000000018000761a                log_warn
                0x000000018000765f                log_info
                0x00000001800076a4                log_debug
                0x00000001800076e9                log_trace
                0x000000018000772e                serial_init
                0x00000001800077f6                serial_putchar
                0x000000018000786c                serial_puts
                0x00000001800078ac                serial_printf
 .text          0x00000001800080c0        0x0 obj/uefi_efi_guids.o
 .text          0x00000001800080c0       0xe0 obj/uefi_embedded_kernel_loader.o
                0x00000001800080c0                load_kernel_image_embedded
 .text          0x00000001800081a0      0xe40 obj/uefi_fat32.o
                0x00000001800084e6                fat32_init
                0x0000000180008663                fat32_is_valid
                0x0000000180008d31                fat32_open_file
                0x0000000180008df6                fat32_read_file
                0x0000000180008fa7                fat32_free_buffer
 .text          0x0000000180008fe0        0x0 obj/uefi_platform_embedded.o
 .text          0x0000000180008fe0     0x12b0 obj/uefi_hardware_probe.o
                0x000000018000908b                hardware_probe_init
                0x0000000180009190                probe_cpu
                0x0000000180009520                probe_memory_topology
                0x000000018000962b                probe_pci_devices
                0x00000001800098de                probe_interrupt_controller
                0x0000000180009a10                hardware_probe_all
                0x0000000180009c40                probe_acpi_info
                0x000000018000a010                probe_timers_and_serial
 .text          0x000000018000a290       0x20 obj/uefi_platform_yaml.o
                0x000000018000a290                get_embedded_platform_config
                0x000000018000a29d                get_embedded_platform_config_size
 *(SORT_BY_NAME(.text$*))
 *(.text.*)
 *(.gnu.linkonce.t.*)
 *(.glue_7t)
 *(.glue_7)
                0x000000018000a2b0                . = ALIGN (0x8)
 *(SORT_NONE(.fini))
 *(.gcc_exc)
                [!provide]                        PROVIDE (etext = .)
 *(.gcc_except_table)

.data           0x000000018000b000      0x200
                0x000000018000b000                __data_start__ = .
 *(.data)
 .data          0x000000018000b000       0x80 obj/uefi_main.o
 .data          0x000000018000b080        0x0 obj/uefi_bootlog.o
 .data          0x000000018000b080        0x0 obj/uefi_stdlib.o
 .data          0x000000018000b080        0x0 obj/uefi_string.o
 .data          0x000000018000b080       0x10 obj/uefi_console.o
 .data          0x000000018000b090       0x60 obj/uefi_efi_guids.o
                0x000000018000b090                gEfiLoadedImageProtocolGuid
                0x000000018000b0a0                gEfiSimpleFileSystemProtocolGuid
                0x000000018000b0b0                gEfiBlockIoProtocolGuid
                0x000000018000b0c0                gEfiFileInfoGuid
                0x000000018000b0d0                gEfiAcpi20TableGuid
                0x000000018000b0e0                gEfiAcpiTableGuid
 .data          0x000000018000b0f0        0x0 obj/uefi_embedded_kernel_loader.o
 .data          0x000000018000b0f0        0x0 obj/uefi_fat32.o
 .data          0x000000018000b0f0        0x0 obj/uefi_platform_embedded.o
 .data          0x000000018000b0f0        0x0 obj/uefi_hardware_probe.o
 .data          0x000000018000b0f0        0x0 obj/uefi_platform_yaml.o
 *(.data2)
 *(SORT_BY_NAME(.data$*))
 *(.jcr)
                0x000000018000b0f0                __data_end__ = .
 *(.data_cygwin_nocopy)

.rdata          0x000000018000c000   0xcb6400
 *(.rdata)
 .rdata         0x000000018000c000     0x29e0 obj/uefi_main.o
 .rdata         0x000000018000e9e0       0x50 obj/uefi_bootlog.o
 .rdata         0x000000018000ea30       0x20 obj/uefi_string.o
 .rdata         0x000000018000ea50       0x40 obj/uefi_console.o
 *fill*         0x000000018000ea90       0x10 
 .rdata         0x000000018000eaa0   0xcb0320 obj/uefi_embedded_kernel_loader.o
 .rdata         0x0000000180cbedc0      0x2e0 obj/uefi_fat32.o
 .rdata         0x0000000180cbf0a0      0x610 obj/uefi_hardware_probe.o
 *fill*         0x0000000180cbf6b0       0x10 
 .rdata         0x0000000180cbf6c0     0x2b00 obj/uefi_platform_yaml.o
 *(SORT_BY_NAME(.rdata$*))
 .rdata$zzz     0x0000000180cc21c0       0x20 obj/uefi_main.o
 .rdata$zzz     0x0000000180cc21e0       0x20 obj/uefi_bootlog.o
 .rdata$zzz     0x0000000180cc2200       0x20 obj/uefi_stdlib.o
 .rdata$zzz     0x0000000180cc2220       0x20 obj/uefi_string.o
 .rdata$zzz     0x0000000180cc2240       0x20 obj/uefi_console.o
 .rdata$zzz     0x0000000180cc2260       0x20 obj/uefi_efi_guids.o
 .rdata$zzz     0x0000000180cc2280       0x20 obj/uefi_embedded_kernel_loader.o
 .rdata$zzz     0x0000000180cc22a0       0x20 obj/uefi_fat32.o
 .rdata$zzz     0x0000000180cc22c0       0x20 obj/uefi_platform_embedded.o
 .rdata$zzz     0x0000000180cc22e0       0x20 obj/uefi_hardware_probe.o
 .rdata$zzz     0x0000000180cc2300       0x20 obj/uefi_platform_yaml.o
                0x0000000180cc2320                . = ALIGN (0x4)
                0x0000000180cc2320                __rt_psrelocs_start = .
 *(.rdata_runtime_pseudo_reloc)
                0x0000000180cc2320                __rt_psrelocs_end = .
                0x0000000180cc2320                . = ALIGN (0x8)
                0x0000000180cc2320                __DELAY_IMPORT_DIRECTORY_start__ = .
 SORT_BY_NAME(*)(.didat$2)
 SORT_BY_NAME(*)(.didat$3)
                0x0000000180cc2320                __DELAY_IMPORT_DIRECTORY_end__ = .
                0x0000000180cc2320                . = (. + (__DELAY_IMPORT_DIRECTORY_end__ - __DELAY_IMPORT_DIRECTORY_start__)?0x20:0x0)
                0x0000000180cc2320                . = ALIGN (0x8)
 SORT_BY_NAME(*)(.didat$4)
 SORT_BY_NAME(*)(.didat$6)
 SORT_BY_NAME(*)(.didat$7)
                0x0000000180cc2320                . = ALIGN (0x8)
                0x0000000180cc2320                ___CTOR_LIST__ = .
                0x0000000180cc2320                __CTOR_LIST__ = .
                0x0000000180cc2320        0x4 LONG 0xffffffffffffffff
                0x0000000180cc2324        0x4 LONG 0xffffffffffffffff
 *(.ctors)
 *(.ctor)
 *(SORT_BY_NAME(.ctors.*))
                0x0000000180cc2328        0x4 LONG 0x0
                0x0000000180cc232c        0x4 LONG 0x0
                0x0000000180cc2330                ___DTOR_LIST__ = .
                0x0000000180cc2330                __DTOR_LIST__ = .
                0x0000000180cc2330        0x4 LONG 0xffffffffffffffff
                0x0000000180cc2334        0x4 LONG 0xffffffffffffffff
 *(.dtors)
 *(.dtor)
 *(SORT_BY_NAME(.dtors.*))
                0x0000000180cc2338        0x4 LONG 0x0
                0x0000000180cc233c        0x4 LONG 0x0
                0x0000000180cc2340                ___crt_xc_start__ = .
 *(SORT_BY_NAME(.CRT$XC*))
                0x0000000180cc2340                ___crt_xc_end__ = .
                0x0000000180cc2340                ___crt_xi_start__ = .
 *(SORT_BY_NAME(.CRT$XI*))
                0x0000000180cc2340                ___crt_xi_end__ = .
                0x0000000180cc2340                ___crt_xl_start__ = .
 *(SORT_BY_NAME(.CRT$XL*))
                0x0000000180cc2340                ___crt_xp_start__ = .
 *(SORT_BY_NAME(.CRT$XP*))
                0x0000000180cc2340                ___crt_xp_end__ = .
                0x0000000180cc2340                ___crt_xt_start__ = .
 *(SORT_BY_NAME(.CRT$XT*))
                0x0000000180cc2340                ___crt_xt_end__ = .
                0x0000000180cc2340                ___crt_xd_start__ = .
 *(SORT_BY_NAME(.CRT$XD*))
                0x0000000180cc2340                ___crt_xd_end__ = .
                0x0000000180cc2320                ___RUNTIME_PSEUDO_RELOC_LIST_END__ = __rt_psrelocs_end
                0x0000000180cc2320                __RUNTIME_PSEUDO_RELOC_LIST_END__ = __rt_psrelocs_end
                0x0000000180cc2320                ___RUNTIME_PSEUDO_RELOC_LIST__ = __rt_psrelocs_start
                0x0000000180cc2320                __RUNTIME_PSEUDO_RELOC_LIST__ = __rt_psrelocs_start

.eh_frame
 *(.eh_frame*)

.pdata
 *(.pdata*)

.xdata
 *(.xdata*)

.bss            0x0000000180cc3000     0x11a0
                0x0000000180cc3000                __bss_start__ = .
 *(.bss)
 .bss           0x0000000180cc3000       0x40 obj/uefi_main.o
                0x0000000180cc3000                gST
                0x0000000180cc3008                gBS
 .bss           0x0000000180cc3040      0xc20 obj/uefi_bootlog.o
 .bss           0x0000000180cc3c60      0x420 obj/uefi_stdlib.o
 .bss           0x0000000180cc4080        0x0 obj/uefi_string.o
 .bss           0x0000000180cc4080      0x120 obj/uefi_console.o
 .bss           0x0000000180cc41a0        0x0 obj/uefi_efi_guids.o
 .bss           0x0000000180cc41a0        0x0 obj/uefi_embedded_kernel_loader.o
 .bss           0x0000000180cc41a0        0x0 obj/uefi_fat32.o
 .bss           0x0000000180cc41a0        0x0 obj/uefi_platform_embedded.o
 .bss           0x0000000180cc41a0        0x0 obj/uefi_hardware_probe.o
 .bss           0x0000000180cc41a0        0x0 obj/uefi_platform_yaml.o
 *(COMMON)
                0x0000000180cc41a0                __bss_end__ = .

.edata          0x0000000180cc5000      0xa00
 *(.edata)
 .edata         0x0000000180cc5000      0x888 dll stuff

/DISCARD/
 *(.debug$S)
 *(.debug$T)
 *(.debug$F)
 *(.drectve)
 *(.note.GNU-stack)
 *(.gnu.lto_*)
 *(.gnu_object_only)

.idata          0x0000000180cc6000      0x200
 SORT_BY_NAME(*)(.idata$2)
 SORT_BY_NAME(*)(.idata$3)
                0x0000000180cc6000        0x4 LONG 0x0
                0x0000000180cc6004        0x4 LONG 0x0
                0x0000000180cc6008        0x4 LONG 0x0
                0x0000000180cc600c        0x4 LONG 0x0
                0x0000000180cc6010        0x4 LONG 0x0
                0x0000000180cc6018                . = ALIGN (0x8)
 *fill*         0x0000000180cc6014        0x4 
 SORT_BY_NAME(*)(.idata$4)
                0x0000000180cc6018                __IAT_start__ = .
 SORT_BY_NAME(*)(.idata$5)
                0x0000000180cc6018                __IAT_end__ = .
 SORT_BY_NAME(*)(.idata$6)
 SORT_BY_NAME(*)(.idata$7)

.didat
 SORT_BY_NAME(*)(.didat$5)

.tls            0x0000000180cc7000        0x0
                0x0000000180cc7000                ___tls_start__ = .
 *(.tls$AAA)
 *(.tls)
 *(.tls$)
 *(SORT_BY_NAME(.tls$*))
 *(.tls$ZZZ)
                0x0000000180cc7000                ___tls_end__ = .

.endjunk        0x0000000180cc7000        0x0
                [!provide]                        PROVIDE (end = .)
                [!provide]                        PROVIDE (_end = .)
                0x0000000180cc7000                __end__ = .

.rsrc
 *(.rsrc)
 *(.rsrc$*)

.reloc          0x0000000180cc7000        0x0
 *(.reloc)
 .reloc         0x0000000180cc7000        0x0 dll stuff

.stab
 *(.stab)

.stabstr
 *(.stabstr)

.debug_aranges
 *(.debug_aranges)

.zdebug_aranges
 *(.zdebug_aranges)

.debug_pubnames
 *(.debug_pubnames)

.zdebug_pubnames
 *(.zdebug_pubnames)

.debug_info
 *(.debug_info .gnu.linkonce.wi.*)

.zdebug_info
 *(.zdebug_info .zdebug.gnu.linkonce.wi.*)

.debug_abbrev
 *(.debug_abbrev)

.zdebug_abbrev
 *(.zdebug_abbrev)

.debug_line
 *(.debug_line)

.zdebug_line
 *(.zdebug_line)

.debug_frame
 *(.debug_frame*)

.zdebug_frame
 *(.zdebug_frame*)

.debug_str
 *(.debug_str)

.zdebug_str
 *(.zdebug_str)

.debug_loc
 *(.debug_loc)

.zdebug_loc
 *(.zdebug_loc)

.debug_macinfo
 *(.debug_macinfo)

.zdebug_macinfo
 *(.zdebug_macinfo)

.debug_weaknames
 *(.debug_weaknames)

.zdebug_weaknames
 *(.zdebug_weaknames)

.debug_funcnames
 *(.debug_funcnames)

.zdebug_funcnames
 *(.zdebug_funcnames)

.debug_typenames
 *(.debug_typenames)

.zdebug_typenames
 *(.zdebug_typenames)

.debug_varnames
 *(.debug_varnames)

.zdebug_varnames
 *(.zdebug_varnames)

.debug_pubtypes
 *(.debug_pubtypes)

.zdebug_pubtypes
 *(.zdebug_pubtypes)

.debug_ranges
 *(.debug_ranges)

.zdebug_ranges
 *(.zdebug_ranges)

.debug_types
 *(.debug_types .gnu.linkonce.wt.*)

.zdebug_types
 *(.zdebug_types .gnu.linkonce.wt.*)

.debug_addr
 *(.debug_addr)

.zdebug_addr
 *(.zdebug_addr)

.debug_line_str
 *(.debug_line_str)

.zdebug_line_str
 *(.zdebug_line_str)

.debug_loclists
 *(.debug_loclists)

.zdebug_loclists
 *(.zdebug_loclists)

.debug_macro
 *(.debug_macro)

.zdebug_macro
 *(.zdebug_macro)

.debug_names
 *(.debug_names)

.zdebug_names
 *(.zdebug_names)

.debug_rnglists
 *(.debug_rnglists)

.zdebug_rnglists
 *(.zdebug_rnglists)

.debug_str_offsets
 *(.debug_str_offsets)

.zdebug_str_offsets
 *(.zdebug_str_offsets)

.debug_sup
 *(.debug_sup)

.debug_gdb_scripts
 *(.debug_gdb_scripts)

.zdebug_gdb_scripts
 *(.zdebug_gdb_scripts)
OUTPUT(bin/bootx64.efi pei-x86-64)
LOAD dll stuff
