
Discarded input sections

 .reloc         0x0000000000000000        0x0 dll stuff

Memory Configuration

Name             Origin             Length             Attributes
*default*        0x0000000000000000 0xffffffffffffffff

Linker script and memory map

                0x0000000180000000                __image_base__ = 0x180000000
                0x0000000000000000                __dll__ = 0x0
                0x0000000180000000                __ImageBase = 0x180000000
                0x0000000000001000                __section_alignment__ = 0x1000
                0x0000000000000200                __file_alignment__ = 0x200
                0x0000000000000004                __major_os_version__ = 0x4
                0x0000000000000000                __minor_os_version__ = 0x0
                0x0000000000000000                __major_image_version__ = 0x0
                0x0000000000000000                __minor_image_version__ = 0x0
                0x0000000000000005                __major_subsystem_version__ = 0x5
                0x0000000000000002                __minor_subsystem_version__ = 0x2
                0x000000000000000a                __subsystem__ = 0xa
                0x0000000000200000                __size_of_stack_reserve__ = 0x200000
                0x0000000000001000                __size_of_stack_commit__ = 0x1000
                0x0000000000100000                __size_of_heap_reserve__ = 0x100000
                0x0000000000001000                __size_of_heap_commit__ = 0x1000
                0x0000000000000000                __loader_flags__ = 0x0
                0x0000000000000160                __dll_characteristics__ = 0x160
LOAD obj/uefi_main.o
LOAD obj/uefi_bootlog.o
LOAD obj/uefi_stdlib.o
LOAD obj/uefi_string.o
LOAD obj/uefi_console.o
LOAD obj/uefi_efi_guids.o
                0x00000000000002a0                . = SIZEOF_HEADERS
                0x0000000000001000                . = ALIGN (__section_alignment__)

.text           0x0000000180001000     0x4400
 *(SORT_NONE(.init))
 *(.text)
 .text          0x0000000180001000     0x1b00 obj/uefi_main.o
                0x000000018000101e                UefiMain
                0x000000018000134b                load_platform_config
                0x00000001800017d5                parse_platform_config
                0x000000018000188e                load_kernel_image
                0x0000000180001b65                prepare_boot_info
                0x0000000180001d5b                get_memory_map
                0x000000018000205e                find_acpi_tables
                0x0000000180002186                load_kernel_segments
                0x000000018000237c                exit_boot_services
                0x000000018000249b                jump_to_kernel
                0x0000000180002768                efi_main
 .text          0x0000000180002b00      0x250 obj/uefi_bootlog.o
                0x0000000180002b49                bootlog_init
                0x0000000180002b79                bootlog_event
                0x0000000180002c72                bootlog_error
                0x0000000180002ccd                bootlog_info
                0x0000000180002d28                bootlog_get_buffer
                0x0000000180002d35                bootlog_get_index
                0x0000000180002d41                bootlog_get_start_time
 .text          0x0000000180002d50      0x2a0 obj/uefi_stdlib.o
                0x0000000180002dd4                crc32
                0x0000000180002e48                malloc
                0x0000000180002eb6                free
                0x0000000180002eec                calloc
                0x0000000180002f3e                realloc
                0x0000000180002f97                atoi
 .text          0x0000000180002ff0     0x10d0 obj/uefi_string.o
                0x0000000180002ff0                memcpy
                0x000000018000304a                memset
                0x000000018000308f                memcmp
                0x0000000180003103                strlen
                0x0000000180003137                strcmp
                0x0000000180003186                strstr
                0x0000000180003247                strncmp
                0x00000001800032b4                strcpy
                0x00000001800032f7                strcat
                0x000000018000334c                wcslen
                0x0000000180003381                wcscmp
                0x00000001800033d2                wcscpy
                0x0000000180003409                utf16_to_utf8
                0x000000018000359b                utf8_to_utf16
                0x0000000180003781                isdigit
                0x00000001800037a2                isxdigit
                0x00000001800037db                isspace
                0x0000000180003814                toupper
                0x0000000180003834                tolower
                0x0000000180003854                strtoull
                0x000000018000399b                strtoll
                0x0000000180003a2d                snprintf
                0x0000000180003def                sscanf
 .text          0x00000001800040c0     0x11e0 obj/uefi_console.o
                0x00000001800040c0                console_init
                0x0000000180004106                console_putchar
                0x0000000180004165                console_puts
                0x0000000180004224                console_printf
                0x0000000180004609                console_set_color
                0x000000018000462c                console_clear
                0x0000000180004672                console_set_cursor
                0x00000001800046f8                console_get_cursor
                0x000000018000472d                log_set_level
                0x0000000180004847                log_error
                0x000000018000488c                log_warn
                0x00000001800048d1                log_info
                0x0000000180004916                log_debug
                0x000000018000495b                log_trace
                0x00000001800049a0                serial_init
                0x0000000180004a50                serial_putchar
                0x0000000180004a94                serial_puts
                0x0000000180004ad4                serial_printf
 .text          0x00000001800052a0        0x0 obj/uefi_efi_guids.o
 *(SORT_BY_NAME(.text$*))
 *(.text.*)
 *(.gnu.linkonce.t.*)
 *(.glue_7t)
 *(.glue_7)
                0x00000001800052a0                . = ALIGN (0x8)
 *(SORT_NONE(.fini))
 *(.gcc_exc)
                [!provide]                        PROVIDE (etext = .)
 *(.gcc_except_table)

.data           0x0000000180006000      0x200
                0x0000000180006000                __data_start__ = .
 *(.data)
 .data          0x0000000180006000       0x80 obj/uefi_main.o
 .data          0x0000000180006080        0x0 obj/uefi_bootlog.o
 .data          0x0000000180006080        0x0 obj/uefi_stdlib.o
 .data          0x0000000180006080        0x0 obj/uefi_string.o
 .data          0x0000000180006080       0x10 obj/uefi_console.o
 .data          0x0000000180006090       0x50 obj/uefi_efi_guids.o
                0x0000000180006090                gEfiLoadedImageProtocolGuid
                0x00000001800060a0                gEfiSimpleFileSystemProtocolGuid
                0x00000001800060b0                gEfiFileInfoGuid
                0x00000001800060c0                gEfiAcpi20TableGuid
                0x00000001800060d0                gEfiAcpiTableGuid
 *(.data2)
 *(SORT_BY_NAME(.data$*))
 *(.jcr)
                0x00000001800060e0                __data_end__ = .
 *(.data_cygwin_nocopy)

.rdata          0x0000000180007000     0x1000
 *(.rdata)
 .rdata         0x0000000180007000      0xd80 obj/uefi_main.o
 .rdata         0x0000000180007d80       0x50 obj/uefi_bootlog.o
 .rdata         0x0000000180007dd0       0x20 obj/uefi_string.o
 .rdata         0x0000000180007df0       0x40 obj/uefi_console.o
 *(SORT_BY_NAME(.rdata$*))
 .rdata$zzz     0x0000000180007e30       0x20 obj/uefi_main.o
 .rdata$zzz     0x0000000180007e50       0x20 obj/uefi_bootlog.o
 .rdata$zzz     0x0000000180007e70       0x20 obj/uefi_stdlib.o
 .rdata$zzz     0x0000000180007e90       0x20 obj/uefi_string.o
 .rdata$zzz     0x0000000180007eb0       0x20 obj/uefi_console.o
 .rdata$zzz     0x0000000180007ed0       0x20 obj/uefi_efi_guids.o
                0x0000000180007ef0                . = ALIGN (0x4)
                0x0000000180007ef0                __rt_psrelocs_start = .
 *(.rdata_runtime_pseudo_reloc)
                0x0000000180007ef0                __rt_psrelocs_end = .
                0x0000000180007ef0                . = ALIGN (0x8)
                0x0000000180007ef0                __DELAY_IMPORT_DIRECTORY_start__ = .
 SORT_BY_NAME(*)(.didat$2)
 SORT_BY_NAME(*)(.didat$3)
                0x0000000180007ef0                __DELAY_IMPORT_DIRECTORY_end__ = .
                0x0000000180007ef0                . = (. + (__DELAY_IMPORT_DIRECTORY_end__ - __DELAY_IMPORT_DIRECTORY_start__)?0x20:0x0)
                0x0000000180007ef0                . = ALIGN (0x8)
 SORT_BY_NAME(*)(.didat$4)
 SORT_BY_NAME(*)(.didat$6)
 SORT_BY_NAME(*)(.didat$7)
                0x0000000180007ef0                . = ALIGN (0x8)
                0x0000000180007ef0                ___CTOR_LIST__ = .
                0x0000000180007ef0                __CTOR_LIST__ = .
                0x0000000180007ef0        0x4 LONG 0xffffffffffffffff
                0x0000000180007ef4        0x4 LONG 0xffffffffffffffff
 *(.ctors)
 *(.ctor)
 *(SORT_BY_NAME(.ctors.*))
                0x0000000180007ef8        0x4 LONG 0x0
                0x0000000180007efc        0x4 LONG 0x0
                0x0000000180007f00                ___DTOR_LIST__ = .
                0x0000000180007f00                __DTOR_LIST__ = .
                0x0000000180007f00        0x4 LONG 0xffffffffffffffff
                0x0000000180007f04        0x4 LONG 0xffffffffffffffff
 *(.dtors)
 *(.dtor)
 *(SORT_BY_NAME(.dtors.*))
                0x0000000180007f08        0x4 LONG 0x0
                0x0000000180007f0c        0x4 LONG 0x0
                0x0000000180007f10                ___crt_xc_start__ = .
 *(SORT_BY_NAME(.CRT$XC*))
                0x0000000180007f10                ___crt_xc_end__ = .
                0x0000000180007f10                ___crt_xi_start__ = .
 *(SORT_BY_NAME(.CRT$XI*))
                0x0000000180007f10                ___crt_xi_end__ = .
                0x0000000180007f10                ___crt_xl_start__ = .
 *(SORT_BY_NAME(.CRT$XL*))
                0x0000000180007f10                ___crt_xp_start__ = .
 *(SORT_BY_NAME(.CRT$XP*))
                0x0000000180007f10                ___crt_xp_end__ = .
                0x0000000180007f10                ___crt_xt_start__ = .
 *(SORT_BY_NAME(.CRT$XT*))
                0x0000000180007f10                ___crt_xt_end__ = .
                0x0000000180007f10                ___crt_xd_start__ = .
 *(SORT_BY_NAME(.CRT$XD*))
                0x0000000180007f10                ___crt_xd_end__ = .
                0x0000000180007ef0                ___RUNTIME_PSEUDO_RELOC_LIST_END__ = __rt_psrelocs_end
                0x0000000180007ef0                __RUNTIME_PSEUDO_RELOC_LIST_END__ = __rt_psrelocs_end
                0x0000000180007ef0                ___RUNTIME_PSEUDO_RELOC_LIST__ = __rt_psrelocs_start
                0x0000000180007ef0                __RUNTIME_PSEUDO_RELOC_LIST__ = __rt_psrelocs_start

.eh_frame
 *(.eh_frame*)

.pdata
 *(.pdata*)

.xdata
 *(.xdata*)

.bss            0x0000000180008000     0x11a0
                0x0000000180008000                __bss_start__ = .
 *(.bss)
 .bss           0x0000000180008000       0x30 obj/uefi_main.o
                0x0000000180008000                gST
                0x0000000180008008                gBS
 *fill*         0x0000000180008030       0x10 
 .bss           0x0000000180008040      0xc20 obj/uefi_bootlog.o
 .bss           0x0000000180008c60      0x420 obj/uefi_stdlib.o
 .bss           0x0000000180009080        0x0 obj/uefi_string.o
 .bss           0x0000000180009080      0x120 obj/uefi_console.o
 .bss           0x00000001800091a0        0x0 obj/uefi_efi_guids.o
 *(COMMON)
                0x00000001800091a0                __bss_end__ = .

.edata          0x000000018000a000      0x800
 *(.edata)
 .edata         0x000000018000a000      0x67d dll stuff

/DISCARD/
 *(.debug$S)
 *(.debug$T)
 *(.debug$F)
 *(.drectve)
 *(.note.GNU-stack)
 *(.gnu.lto_*)
 *(.gnu_object_only)

.idata          0x000000018000b000      0x200
 SORT_BY_NAME(*)(.idata$2)
 SORT_BY_NAME(*)(.idata$3)
                0x000000018000b000        0x4 LONG 0x0
                0x000000018000b004        0x4 LONG 0x0
                0x000000018000b008        0x4 LONG 0x0
                0x000000018000b00c        0x4 LONG 0x0
                0x000000018000b010        0x4 LONG 0x0
                0x000000018000b018                . = ALIGN (0x8)
 *fill*         0x000000018000b014        0x4 
 SORT_BY_NAME(*)(.idata$4)
                0x000000018000b018                __IAT_start__ = .
 SORT_BY_NAME(*)(.idata$5)
                0x000000018000b018                __IAT_end__ = .
 SORT_BY_NAME(*)(.idata$6)
 SORT_BY_NAME(*)(.idata$7)

.didat
 SORT_BY_NAME(*)(.didat$5)

.tls            0x000000018000c000        0x0
                0x000000018000c000                ___tls_start__ = .
 *(.tls$AAA)
 *(.tls)
 *(.tls$)
 *(SORT_BY_NAME(.tls$*))
 *(.tls$ZZZ)
                0x000000018000c000                ___tls_end__ = .

.endjunk        0x000000018000c000        0x0
                [!provide]                        PROVIDE (end = .)
                [!provide]                        PROVIDE (_end = .)
                0x000000018000c000                __end__ = .

.rsrc
 *(.rsrc)
 *(.rsrc$*)

.reloc          0x000000018000c000        0x0
 *(.reloc)
 .reloc         0x000000018000c000        0x0 dll stuff

.stab
 *(.stab)

.stabstr
 *(.stabstr)

.debug_aranges
 *(.debug_aranges)

.zdebug_aranges
 *(.zdebug_aranges)

.debug_pubnames
 *(.debug_pubnames)

.zdebug_pubnames
 *(.zdebug_pubnames)

.debug_info
 *(.debug_info .gnu.linkonce.wi.*)

.zdebug_info
 *(.zdebug_info .zdebug.gnu.linkonce.wi.*)

.debug_abbrev
 *(.debug_abbrev)

.zdebug_abbrev
 *(.zdebug_abbrev)

.debug_line
 *(.debug_line)

.zdebug_line
 *(.zdebug_line)

.debug_frame
 *(.debug_frame*)

.zdebug_frame
 *(.zdebug_frame*)

.debug_str
 *(.debug_str)

.zdebug_str
 *(.zdebug_str)

.debug_loc
 *(.debug_loc)

.zdebug_loc
 *(.zdebug_loc)

.debug_macinfo
 *(.debug_macinfo)

.zdebug_macinfo
 *(.zdebug_macinfo)

.debug_weaknames
 *(.debug_weaknames)

.zdebug_weaknames
 *(.zdebug_weaknames)

.debug_funcnames
 *(.debug_funcnames)

.zdebug_funcnames
 *(.zdebug_funcnames)

.debug_typenames
 *(.debug_typenames)

.zdebug_typenames
 *(.zdebug_typenames)

.debug_varnames
 *(.debug_varnames)

.zdebug_varnames
 *(.zdebug_varnames)

.debug_pubtypes
 *(.debug_pubtypes)

.zdebug_pubtypes
 *(.zdebug_pubtypes)

.debug_ranges
 *(.debug_ranges)

.zdebug_ranges
 *(.zdebug_ranges)

.debug_types
 *(.debug_types .gnu.linkonce.wt.*)

.zdebug_types
 *(.zdebug_types .gnu.linkonce.wt.*)

.debug_addr
 *(.debug_addr)

.zdebug_addr
 *(.zdebug_addr)

.debug_line_str
 *(.debug_line_str)

.zdebug_line_str
 *(.zdebug_line_str)

.debug_loclists
 *(.debug_loclists)

.zdebug_loclists
 *(.zdebug_loclists)

.debug_macro
 *(.debug_macro)

.zdebug_macro
 *(.zdebug_macro)

.debug_names
 *(.debug_names)

.zdebug_names
 *(.zdebug_names)

.debug_rnglists
 *(.debug_rnglists)

.zdebug_rnglists
 *(.zdebug_rnglists)

.debug_str_offsets
 *(.debug_str_offsets)

.zdebug_str_offsets
 *(.zdebug_str_offsets)

.debug_sup
 *(.debug_sup)

.debug_gdb_scripts
 *(.debug_gdb_scripts)

.zdebug_gdb_scripts
 *(.zdebug_gdb_scripts)
OUTPUT(bin/bootx64.efi pei-x86-64)
LOAD dll stuff
