
Discarded input sections

 .reloc         0x0000000000000000        0x0 dll stuff

Memory Configuration

Name             Origin             Length             Attributes
*default*        0x0000000000000000 0xffffffffffffffff

Linker script and memory map

                0x0000000180000000                __image_base__ = 0x180000000
                0x0000000000000000                __dll__ = 0x0
                0x0000000180000000                __ImageBase = 0x180000000
                0x0000000000001000                __section_alignment__ = 0x1000
                0x0000000000000200                __file_alignment__ = 0x200
                0x0000000000000004                __major_os_version__ = 0x4
                0x0000000000000000                __minor_os_version__ = 0x0
                0x0000000000000000                __major_image_version__ = 0x0
                0x0000000000000000                __minor_image_version__ = 0x0
                0x0000000000000005                __major_subsystem_version__ = 0x5
                0x0000000000000002                __minor_subsystem_version__ = 0x2
                0x000000000000000a                __subsystem__ = 0xa
                0x0000000000200000                __size_of_stack_reserve__ = 0x200000
                0x0000000000001000                __size_of_stack_commit__ = 0x1000
                0x0000000000100000                __size_of_heap_reserve__ = 0x100000
                0x0000000000001000                __size_of_heap_commit__ = 0x1000
                0x0000000000000000                __loader_flags__ = 0x0
                0x0000000000000160                __dll_characteristics__ = 0x160
LOAD obj/uefi_main.o
LOAD obj/uefi_bootlog.o
LOAD obj/uefi_stdlib.o
LOAD obj/uefi_string.o
LOAD obj/uefi_console.o
LOAD obj/uefi_efi_guids.o
LOAD obj/uefi_embedded_kernel_loader.o
LOAD obj/uefi_fat32.o
LOAD obj/uefi_platform_embedded.o
LOAD obj/uefi_platform_yaml.o
                0x00000000000002a0                . = SIZEOF_HEADERS
                0x0000000000001000                . = ALIGN (__section_alignment__)

.text           0x0000000180001000     0x6a00
 *(SORT_NONE(.init))
 *(.text)
 .text          0x0000000180001000     0x2e80 obj/uefi_main.o
                0x0000000180001000                load_file_fat32
                0x0000000180001571                UefiMain
                0x00000001800019d5                load_platform_config
                0x0000000180001b9c                parse_platform_config
                0x0000000180001cda                load_kernel_image
                0x0000000180002a1c                prepare_boot_info
                0x0000000180002d02                get_memory_map
                0x0000000180003183                find_acpi_tables
                0x00000001800032ab                load_kernel_segments
                0x0000000180003922                exit_boot_services
                0x0000000180003a44                jump_to_kernel
 .text          0x0000000180003e80      0x250 obj/uefi_bootlog.o
                0x0000000180003ec9                bootlog_init
                0x0000000180003ef9                bootlog_event
                0x0000000180003ff2                bootlog_error
                0x000000018000404d                bootlog_info
                0x00000001800040a8                bootlog_get_buffer
                0x00000001800040b5                bootlog_get_index
                0x00000001800040c1                bootlog_get_start_time
 .text          0x00000001800040d0      0x2a0 obj/uefi_stdlib.o
                0x0000000180004154                crc32
                0x00000001800041c8                malloc
                0x0000000180004236                free
                0x000000018000426c                calloc
                0x00000001800042be                realloc
                0x0000000180004317                atoi
 .text          0x0000000180004370     0x1600 obj/uefi_string.o
                0x0000000180004370                memcpy
                0x00000001800043ca                memset
                0x000000018000440f                memcmp
                0x0000000180004483                strlen
                0x00000001800044b7                strcmp
                0x0000000180004506                strstr
                0x00000001800045c7                strncmp
                0x0000000180004634                strcpy
                0x0000000180004677                strcat
                0x00000001800046cc                wcslen
                0x0000000180004701                wcscmp
                0x0000000180004752                wcscpy
                0x0000000180004789                utf16_to_utf8
                0x000000018000491b                utf8_to_utf16
                0x0000000180004b01                isdigit
                0x0000000180004b22                isxdigit
                0x0000000180004b5b                isspace
                0x0000000180004b94                toupper
                0x0000000180004bb4                tolower
                0x0000000180004bd4                strtoull
                0x0000000180004d1b                strtoll
                0x0000000180004dad                snprintf
                0x000000018000569f                sscanf
 .text          0x0000000180005970     0x1210 obj/uefi_console.o
                0x0000000180005970                console_init
                0x00000001800059f2                console_putchar
                0x0000000180005a17                console_puts
                0x0000000180005a3b                console_printf
                0x0000000180005e8b                console_set_color
                0x0000000180005eae                console_clear
                0x0000000180005ef4                console_set_cursor
                0x0000000180005f7a                console_get_cursor
                0x0000000180005faf                log_set_level
                0x00000001800060c9                log_error
                0x000000018000610e                log_warn
                0x0000000180006153                log_info
                0x0000000180006198                log_debug
                0x00000001800061dd                log_trace
                0x0000000180006222                serial_init
                0x00000001800062ea                serial_putchar
                0x000000018000632e                serial_puts
                0x000000018000636e                serial_printf
 .text          0x0000000180006b80        0x0 obj/uefi_efi_guids.o
 .text          0x0000000180006b80       0x70 obj/uefi_embedded_kernel_loader.o
                0x0000000180006b80                load_kernel_image_embedded
 .text          0x0000000180006bf0      0xde0 obj/uefi_fat32.o
                0x0000000180006f40                fat32_init
                0x0000000180007048                fat32_is_valid
                0x0000000180007716                fat32_open_file
                0x00000001800077db                fat32_read_file
                0x000000018000798c                fat32_free_buffer
 .text          0x00000001800079d0        0x0 obj/uefi_platform_embedded.o
 .text          0x00000001800079d0       0x20 obj/uefi_platform_yaml.o
                0x00000001800079d0                get_embedded_platform_config
                0x00000001800079dd                get_embedded_platform_config_size
 *(SORT_BY_NAME(.text$*))
 *(.text.*)
 *(.gnu.linkonce.t.*)
 *(.glue_7t)
 *(.glue_7)
                0x00000001800079f0                . = ALIGN (0x8)
 *(SORT_NONE(.fini))
 *(.gcc_exc)
                [!provide]                        PROVIDE (etext = .)
 *(.gcc_except_table)

.data           0x0000000180008000    0x23400
                0x0000000180008000                __data_start__ = .
 *(.data)
 .data          0x0000000180008000       0x80 obj/uefi_main.o
 .data          0x0000000180008080        0x0 obj/uefi_bootlog.o
 .data          0x0000000180008080        0x0 obj/uefi_stdlib.o
 .data          0x0000000180008080        0x0 obj/uefi_string.o
 .data          0x0000000180008080       0x10 obj/uefi_console.o
 .data          0x0000000180008090       0x60 obj/uefi_efi_guids.o
                0x0000000180008090                gEfiLoadedImageProtocolGuid
                0x00000001800080a0                gEfiSimpleFileSystemProtocolGuid
                0x00000001800080b0                gEfiBlockIoProtocolGuid
                0x00000001800080c0                gEfiFileInfoGuid
                0x00000001800080d0                gEfiAcpi20TableGuid
                0x00000001800080e0                gEfiAcpiTableGuid
 *fill*         0x00000001800080f0       0x10 
 .data          0x0000000180008100    0x23160 obj/uefi_embedded_kernel_loader.o
                0x0000000180008100                bin_hic_kernel_elf
                0x000000018002b250                bin_hic_kernel_elf_len
 .data          0x000000018002b260        0x0 obj/uefi_fat32.o
 .data          0x000000018002b260        0x0 obj/uefi_platform_embedded.o
 .data          0x000000018002b260        0x0 obj/uefi_platform_yaml.o
 *(.data2)
 *(SORT_BY_NAME(.data$*))
 *(.jcr)
                0x000000018002b260                __data_end__ = .
 *(.data_cygwin_nocopy)

.rdata          0x000000018002c000     0x3e00
 *(.rdata)
 .rdata         0x000000018002c000     0x21e0 obj/uefi_main.o
 .rdata         0x000000018002e1e0       0x50 obj/uefi_bootlog.o
 .rdata         0x000000018002e230       0x20 obj/uefi_string.o
 .rdata         0x000000018002e250       0x40 obj/uefi_console.o
 .rdata         0x000000018002e290       0xb0 obj/uefi_embedded_kernel_loader.o
 .rdata         0x000000018002e340      0x220 obj/uefi_fat32.o
 .rdata         0x000000018002e560     0x1700 obj/uefi_platform_yaml.o
 *(SORT_BY_NAME(.rdata$*))
 .rdata$zzz     0x000000018002fc60       0x20 obj/uefi_main.o
 .rdata$zzz     0x000000018002fc80       0x20 obj/uefi_bootlog.o
 .rdata$zzz     0x000000018002fca0       0x20 obj/uefi_stdlib.o
 .rdata$zzz     0x000000018002fcc0       0x20 obj/uefi_string.o
 .rdata$zzz     0x000000018002fce0       0x20 obj/uefi_console.o
 .rdata$zzz     0x000000018002fd00       0x20 obj/uefi_efi_guids.o
 .rdata$zzz     0x000000018002fd20       0x20 obj/uefi_embedded_kernel_loader.o
 .rdata$zzz     0x000000018002fd40       0x20 obj/uefi_fat32.o
 .rdata$zzz     0x000000018002fd60       0x20 obj/uefi_platform_embedded.o
 .rdata$zzz     0x000000018002fd80       0x20 obj/uefi_platform_yaml.o
                0x000000018002fda0                . = ALIGN (0x4)
                0x000000018002fda0                __rt_psrelocs_start = .
 *(.rdata_runtime_pseudo_reloc)
                0x000000018002fda0                __rt_psrelocs_end = .
                0x000000018002fda0                . = ALIGN (0x8)
                0x000000018002fda0                __DELAY_IMPORT_DIRECTORY_start__ = .
 SORT_BY_NAME(*)(.didat$2)
 SORT_BY_NAME(*)(.didat$3)
                0x000000018002fda0                __DELAY_IMPORT_DIRECTORY_end__ = .
                0x000000018002fda0                . = (. + (__DELAY_IMPORT_DIRECTORY_end__ - __DELAY_IMPORT_DIRECTORY_start__)?0x20:0x0)
                0x000000018002fda0                . = ALIGN (0x8)
 SORT_BY_NAME(*)(.didat$4)
 SORT_BY_NAME(*)(.didat$6)
 SORT_BY_NAME(*)(.didat$7)
                0x000000018002fda0                . = ALIGN (0x8)
                0x000000018002fda0                ___CTOR_LIST__ = .
                0x000000018002fda0                __CTOR_LIST__ = .
                0x000000018002fda0        0x4 LONG 0xffffffffffffffff
                0x000000018002fda4        0x4 LONG 0xffffffffffffffff
 *(.ctors)
 *(.ctor)
 *(SORT_BY_NAME(.ctors.*))
                0x000000018002fda8        0x4 LONG 0x0
                0x000000018002fdac        0x4 LONG 0x0
                0x000000018002fdb0                ___DTOR_LIST__ = .
                0x000000018002fdb0                __DTOR_LIST__ = .
                0x000000018002fdb0        0x4 LONG 0xffffffffffffffff
                0x000000018002fdb4        0x4 LONG 0xffffffffffffffff
 *(.dtors)
 *(.dtor)
 *(SORT_BY_NAME(.dtors.*))
                0x000000018002fdb8        0x4 LONG 0x0
                0x000000018002fdbc        0x4 LONG 0x0
                0x000000018002fdc0                ___crt_xc_start__ = .
 *(SORT_BY_NAME(.CRT$XC*))
                0x000000018002fdc0                ___crt_xc_end__ = .
                0x000000018002fdc0                ___crt_xi_start__ = .
 *(SORT_BY_NAME(.CRT$XI*))
                0x000000018002fdc0                ___crt_xi_end__ = .
                0x000000018002fdc0                ___crt_xl_start__ = .
 *(SORT_BY_NAME(.CRT$XL*))
                0x000000018002fdc0                ___crt_xp_start__ = .
 *(SORT_BY_NAME(.CRT$XP*))
                0x000000018002fdc0                ___crt_xp_end__ = .
                0x000000018002fdc0                ___crt_xt_start__ = .
 *(SORT_BY_NAME(.CRT$XT*))
                0x000000018002fdc0                ___crt_xt_end__ = .
                0x000000018002fdc0                ___crt_xd_start__ = .
 *(SORT_BY_NAME(.CRT$XD*))
                0x000000018002fdc0                ___crt_xd_end__ = .
                0x000000018002fda0                ___RUNTIME_PSEUDO_RELOC_LIST_END__ = __rt_psrelocs_end
                0x000000018002fda0                __RUNTIME_PSEUDO_RELOC_LIST_END__ = __rt_psrelocs_end
                0x000000018002fda0                ___RUNTIME_PSEUDO_RELOC_LIST__ = __rt_psrelocs_start
                0x000000018002fda0                __RUNTIME_PSEUDO_RELOC_LIST__ = __rt_psrelocs_start

.eh_frame
 *(.eh_frame*)

.pdata
 *(.pdata*)

.xdata
 *(.xdata*)

.bss            0x0000000180030000     0x11a0
                0x0000000180030000                __bss_start__ = .
 *(.bss)
 .bss           0x0000000180030000       0x40 obj/uefi_main.o
                0x0000000180030000                gST
                0x0000000180030008                gBS
 .bss           0x0000000180030040      0xc20 obj/uefi_bootlog.o
 .bss           0x0000000180030c60      0x420 obj/uefi_stdlib.o
 .bss           0x0000000180031080        0x0 obj/uefi_string.o
 .bss           0x0000000180031080      0x120 obj/uefi_console.o
 .bss           0x00000001800311a0        0x0 obj/uefi_efi_guids.o
 .bss           0x00000001800311a0        0x0 obj/uefi_embedded_kernel_loader.o
 .bss           0x00000001800311a0        0x0 obj/uefi_fat32.o
 .bss           0x00000001800311a0        0x0 obj/uefi_platform_embedded.o
 .bss           0x00000001800311a0        0x0 obj/uefi_platform_yaml.o
 *(COMMON)
                0x00000001800311a0                __bss_end__ = .

.edata          0x0000000180032000      0x800
 *(.edata)
 .edata         0x0000000180032000      0x7da dll stuff

/DISCARD/
 *(.debug$S)
 *(.debug$T)
 *(.debug$F)
 *(.drectve)
 *(.note.GNU-stack)
 *(.gnu.lto_*)
 *(.gnu_object_only)

.idata          0x0000000180033000      0x200
 SORT_BY_NAME(*)(.idata$2)
 SORT_BY_NAME(*)(.idata$3)
                0x0000000180033000        0x4 LONG 0x0
                0x0000000180033004        0x4 LONG 0x0
                0x0000000180033008        0x4 LONG 0x0
                0x000000018003300c        0x4 LONG 0x0
                0x0000000180033010        0x4 LONG 0x0
                0x0000000180033018                . = ALIGN (0x8)
 *fill*         0x0000000180033014        0x4 
 SORT_BY_NAME(*)(.idata$4)
                0x0000000180033018                __IAT_start__ = .
 SORT_BY_NAME(*)(.idata$5)
                0x0000000180033018                __IAT_end__ = .
 SORT_BY_NAME(*)(.idata$6)
 SORT_BY_NAME(*)(.idata$7)

.didat
 SORT_BY_NAME(*)(.didat$5)

.tls            0x0000000180034000        0x0
                0x0000000180034000                ___tls_start__ = .
 *(.tls$AAA)
 *(.tls)
 *(.tls$)
 *(SORT_BY_NAME(.tls$*))
 *(.tls$ZZZ)
                0x0000000180034000                ___tls_end__ = .

.endjunk        0x0000000180034000        0x0
                [!provide]                        PROVIDE (end = .)
                [!provide]                        PROVIDE (_end = .)
                0x0000000180034000                __end__ = .

.rsrc
 *(.rsrc)
 *(.rsrc$*)

.reloc          0x0000000180034000        0x0
 *(.reloc)
 .reloc         0x0000000180034000        0x0 dll stuff

.stab
 *(.stab)

.stabstr
 *(.stabstr)

.debug_aranges
 *(.debug_aranges)

.zdebug_aranges
 *(.zdebug_aranges)

.debug_pubnames
 *(.debug_pubnames)

.zdebug_pubnames
 *(.zdebug_pubnames)

.debug_info
 *(.debug_info .gnu.linkonce.wi.*)

.zdebug_info
 *(.zdebug_info .zdebug.gnu.linkonce.wi.*)

.debug_abbrev
 *(.debug_abbrev)

.zdebug_abbrev
 *(.zdebug_abbrev)

.debug_line
 *(.debug_line)

.zdebug_line
 *(.zdebug_line)

.debug_frame
 *(.debug_frame*)

.zdebug_frame
 *(.zdebug_frame*)

.debug_str
 *(.debug_str)

.zdebug_str
 *(.zdebug_str)

.debug_loc
 *(.debug_loc)

.zdebug_loc
 *(.zdebug_loc)

.debug_macinfo
 *(.debug_macinfo)

.zdebug_macinfo
 *(.zdebug_macinfo)

.debug_weaknames
 *(.debug_weaknames)

.zdebug_weaknames
 *(.zdebug_weaknames)

.debug_funcnames
 *(.debug_funcnames)

.zdebug_funcnames
 *(.zdebug_funcnames)

.debug_typenames
 *(.debug_typenames)

.zdebug_typenames
 *(.zdebug_typenames)

.debug_varnames
 *(.debug_varnames)

.zdebug_varnames
 *(.zdebug_varnames)

.debug_pubtypes
 *(.debug_pubtypes)

.zdebug_pubtypes
 *(.zdebug_pubtypes)

.debug_ranges
 *(.debug_ranges)

.zdebug_ranges
 *(.zdebug_ranges)

.debug_types
 *(.debug_types .gnu.linkonce.wt.*)

.zdebug_types
 *(.zdebug_types .gnu.linkonce.wt.*)

.debug_addr
 *(.debug_addr)

.zdebug_addr
 *(.zdebug_addr)

.debug_line_str
 *(.debug_line_str)

.zdebug_line_str
 *(.zdebug_line_str)

.debug_loclists
 *(.debug_loclists)

.zdebug_loclists
 *(.zdebug_loclists)

.debug_macro
 *(.debug_macro)

.zdebug_macro
 *(.zdebug_macro)

.debug_names
 *(.debug_names)

.zdebug_names
 *(.zdebug_names)

.debug_rnglists
 *(.debug_rnglists)

.zdebug_rnglists
 *(.zdebug_rnglists)

.debug_str_offsets
 *(.debug_str_offsets)

.zdebug_str_offsets
 *(.zdebug_str_offsets)

.debug_sup
 *(.debug_sup)

.debug_gdb_scripts
 *(.debug_gdb_scripts)

.zdebug_gdb_scripts
 *(.zdebug_gdb_scripts)
OUTPUT(bin/bootx64.efi pei-x86-64)
LOAD dll stuff
