
Discarded input sections

 .reloc         0x0000000000000000        0x0 dll stuff

Memory Configuration

Name             Origin             Length             Attributes
*default*        0x0000000000000000 0xffffffffffffffff

Linker script and memory map

                0x0000000180000000                __image_base__ = 0x180000000
                0x0000000000000000                __dll__ = 0x0
                0x0000000180000000                __ImageBase = 0x180000000
                0x0000000000001000                __section_alignment__ = 0x1000
                0x0000000000000200                __file_alignment__ = 0x200
                0x0000000000000004                __major_os_version__ = 0x4
                0x0000000000000000                __minor_os_version__ = 0x0
                0x0000000000000000                __major_image_version__ = 0x0
                0x0000000000000000                __minor_image_version__ = 0x0
                0x0000000000000005                __major_subsystem_version__ = 0x5
                0x0000000000000002                __minor_subsystem_version__ = 0x2
                0x000000000000000a                __subsystem__ = 0xa
                0x0000000000200000                __size_of_stack_reserve__ = 0x200000
                0x0000000000001000                __size_of_stack_commit__ = 0x1000
                0x0000000000100000                __size_of_heap_reserve__ = 0x100000
                0x0000000000001000                __size_of_heap_commit__ = 0x1000
                0x0000000000000000                __loader_flags__ = 0x0
                0x0000000000000160                __dll_characteristics__ = 0x160
LOAD obj/uefi_main.o
LOAD obj/uefi_bootlog.o
LOAD obj/uefi_stdlib.o
LOAD obj/uefi_string.o
LOAD obj/uefi_console.o
LOAD obj/uefi_efi_guids.o
                0x00000000000002a0                . = SIZEOF_HEADERS
                0x0000000000001000                . = ALIGN (__section_alignment__)

.text           0x0000000180001000     0x5800
 *(SORT_NONE(.init))
 *(.text)
 .text          0x0000000180001000     0x2ea0 obj/uefi_main.o
                0x000000018000140d                UefiMain
                0x00000001800018dc                load_platform_config
                0x0000000180001e61                parse_platform_config
                0x0000000180001f9f                load_kernel_image
                0x0000000180002ce1                prepare_boot_info
                0x0000000180002edf                get_memory_map
                0x00000001800031e2                find_acpi_tables
                0x000000018000330a                load_kernel_segments
                0x00000001800035b2                exit_boot_services
                0x00000001800036d4                jump_to_kernel
                0x0000000180003b10                efi_main
 .text          0x0000000180003ea0      0x250 obj/uefi_bootlog.o
                0x0000000180003ee9                bootlog_init
                0x0000000180003f19                bootlog_event
                0x0000000180004012                bootlog_error
                0x000000018000406d                bootlog_info
                0x00000001800040c8                bootlog_get_buffer
                0x00000001800040d5                bootlog_get_index
                0x00000001800040e1                bootlog_get_start_time
 .text          0x00000001800040f0      0x2a0 obj/uefi_stdlib.o
                0x0000000180004174                crc32
                0x00000001800041e8                malloc
                0x0000000180004256                free
                0x000000018000428c                calloc
                0x00000001800042de                realloc
                0x0000000180004337                atoi
 .text          0x0000000180004390     0x10d0 obj/uefi_string.o
                0x0000000180004390                memcpy
                0x00000001800043ea                memset
                0x000000018000442f                memcmp
                0x00000001800044a3                strlen
                0x00000001800044d7                strcmp
                0x0000000180004526                strstr
                0x00000001800045e7                strncmp
                0x0000000180004654                strcpy
                0x0000000180004697                strcat
                0x00000001800046ec                wcslen
                0x0000000180004721                wcscmp
                0x0000000180004772                wcscpy
                0x00000001800047a9                utf16_to_utf8
                0x000000018000493b                utf8_to_utf16
                0x0000000180004b21                isdigit
                0x0000000180004b42                isxdigit
                0x0000000180004b7b                isspace
                0x0000000180004bb4                toupper
                0x0000000180004bd4                tolower
                0x0000000180004bf4                strtoull
                0x0000000180004d3b                strtoll
                0x0000000180004dcd                snprintf
                0x000000018000518f                sscanf
 .text          0x0000000180005460     0x1220 obj/uefi_console.o
                0x0000000180005460                console_init
                0x000000018000550f                console_putchar
                0x000000018000553f                console_puts
                0x00000001800055a5                console_printf
                0x00000001800059a5                console_set_color
                0x00000001800059c8                console_clear
                0x0000000180005a0e                console_set_cursor
                0x0000000180005a94                console_get_cursor
                0x0000000180005ac9                log_set_level
                0x0000000180005be3                log_error
                0x0000000180005c28                log_warn
                0x0000000180005c6d                log_info
                0x0000000180005cb2                log_debug
                0x0000000180005cf7                log_trace
                0x0000000180005d3c                serial_init
                0x0000000180005dec                serial_putchar
                0x0000000180005e30                serial_puts
                0x0000000180005e70                serial_printf
 .text          0x0000000180006680        0x0 obj/uefi_efi_guids.o
 *(SORT_BY_NAME(.text$*))
 *(.text.*)
 *(.gnu.linkonce.t.*)
 *(.glue_7t)
 *(.glue_7)
                0x0000000180006680                . = ALIGN (0x8)
 *(SORT_NONE(.fini))
 *(.gcc_exc)
                [!provide]                        PROVIDE (etext = .)
 *(.gcc_except_table)

.data           0x0000000180007000      0x200
                0x0000000180007000                __data_start__ = .
 *(.data)
 .data          0x0000000180007000       0x80 obj/uefi_main.o
 .data          0x0000000180007080        0x0 obj/uefi_bootlog.o
 .data          0x0000000180007080        0x0 obj/uefi_stdlib.o
 .data          0x0000000180007080        0x0 obj/uefi_string.o
 .data          0x0000000180007080       0x10 obj/uefi_console.o
 .data          0x0000000180007090       0x50 obj/uefi_efi_guids.o
                0x0000000180007090                gEfiLoadedImageProtocolGuid
                0x00000001800070a0                gEfiSimpleFileSystemProtocolGuid
                0x00000001800070b0                gEfiFileInfoGuid
                0x00000001800070c0                gEfiAcpi20TableGuid
                0x00000001800070d0                gEfiAcpiTableGuid
 *(.data2)
 *(SORT_BY_NAME(.data$*))
 *(.jcr)
                0x00000001800070e0                __data_end__ = .
 *(.data_cygwin_nocopy)

.rdata          0x0000000180008000     0x2800
 *(.rdata)
 .rdata         0x0000000180008000     0x25e0 obj/uefi_main.o
 .rdata         0x000000018000a5e0       0x50 obj/uefi_bootlog.o
 .rdata         0x000000018000a630       0x20 obj/uefi_string.o
 .rdata         0x000000018000a650       0x40 obj/uefi_console.o
 *(SORT_BY_NAME(.rdata$*))
 .rdata$zzz     0x000000018000a690       0x20 obj/uefi_main.o
 .rdata$zzz     0x000000018000a6b0       0x20 obj/uefi_bootlog.o
 .rdata$zzz     0x000000018000a6d0       0x20 obj/uefi_stdlib.o
 .rdata$zzz     0x000000018000a6f0       0x20 obj/uefi_string.o
 .rdata$zzz     0x000000018000a710       0x20 obj/uefi_console.o
 .rdata$zzz     0x000000018000a730       0x20 obj/uefi_efi_guids.o
                0x000000018000a750                . = ALIGN (0x4)
                0x000000018000a750                __rt_psrelocs_start = .
 *(.rdata_runtime_pseudo_reloc)
                0x000000018000a750                __rt_psrelocs_end = .
                0x000000018000a750                . = ALIGN (0x8)
                0x000000018000a750                __DELAY_IMPORT_DIRECTORY_start__ = .
 SORT_BY_NAME(*)(.didat$2)
 SORT_BY_NAME(*)(.didat$3)
                0x000000018000a750                __DELAY_IMPORT_DIRECTORY_end__ = .
                0x000000018000a750                . = (. + (__DELAY_IMPORT_DIRECTORY_end__ - __DELAY_IMPORT_DIRECTORY_start__)?0x20:0x0)
                0x000000018000a750                . = ALIGN (0x8)
 SORT_BY_NAME(*)(.didat$4)
 SORT_BY_NAME(*)(.didat$6)
 SORT_BY_NAME(*)(.didat$7)
                0x000000018000a750                . = ALIGN (0x8)
                0x000000018000a750                ___CTOR_LIST__ = .
                0x000000018000a750                __CTOR_LIST__ = .
                0x000000018000a750        0x4 LONG 0xffffffffffffffff
                0x000000018000a754        0x4 LONG 0xffffffffffffffff
 *(.ctors)
 *(.ctor)
 *(SORT_BY_NAME(.ctors.*))
                0x000000018000a758        0x4 LONG 0x0
                0x000000018000a75c        0x4 LONG 0x0
                0x000000018000a760                ___DTOR_LIST__ = .
                0x000000018000a760                __DTOR_LIST__ = .
                0x000000018000a760        0x4 LONG 0xffffffffffffffff
                0x000000018000a764        0x4 LONG 0xffffffffffffffff
 *(.dtors)
 *(.dtor)
 *(SORT_BY_NAME(.dtors.*))
                0x000000018000a768        0x4 LONG 0x0
                0x000000018000a76c        0x4 LONG 0x0
                0x000000018000a770                ___crt_xc_start__ = .
 *(SORT_BY_NAME(.CRT$XC*))
                0x000000018000a770                ___crt_xc_end__ = .
                0x000000018000a770                ___crt_xi_start__ = .
 *(SORT_BY_NAME(.CRT$XI*))
                0x000000018000a770                ___crt_xi_end__ = .
                0x000000018000a770                ___crt_xl_start__ = .
 *(SORT_BY_NAME(.CRT$XL*))
                0x000000018000a770                ___crt_xp_start__ = .
 *(SORT_BY_NAME(.CRT$XP*))
                0x000000018000a770                ___crt_xp_end__ = .
                0x000000018000a770                ___crt_xt_start__ = .
 *(SORT_BY_NAME(.CRT$XT*))
                0x000000018000a770                ___crt_xt_end__ = .
                0x000000018000a770                ___crt_xd_start__ = .
 *(SORT_BY_NAME(.CRT$XD*))
                0x000000018000a770                ___crt_xd_end__ = .
                0x000000018000a750                ___RUNTIME_PSEUDO_RELOC_LIST_END__ = __rt_psrelocs_end
                0x000000018000a750                __RUNTIME_PSEUDO_RELOC_LIST_END__ = __rt_psrelocs_end
                0x000000018000a750                ___RUNTIME_PSEUDO_RELOC_LIST__ = __rt_psrelocs_start
                0x000000018000a750                __RUNTIME_PSEUDO_RELOC_LIST__ = __rt_psrelocs_start

.eh_frame
 *(.eh_frame*)

.pdata
 *(.pdata*)

.xdata
 *(.xdata*)

.bss            0x000000018000b000     0x11a0
                0x000000018000b000                __bss_start__ = .
 *(.bss)
 .bss           0x000000018000b000       0x40 obj/uefi_main.o
                0x000000018000b000                gST
                0x000000018000b008                gBS
 .bss           0x000000018000b040      0xc20 obj/uefi_bootlog.o
 .bss           0x000000018000bc60      0x420 obj/uefi_stdlib.o
 .bss           0x000000018000c080        0x0 obj/uefi_string.o
 .bss           0x000000018000c080      0x120 obj/uefi_console.o
 .bss           0x000000018000c1a0        0x0 obj/uefi_efi_guids.o
 *(COMMON)
                0x000000018000c1a0                __bss_end__ = .

.edata          0x000000018000d000      0x800
 *(.edata)
 .edata         0x000000018000d000      0x67d dll stuff

/DISCARD/
 *(.debug$S)
 *(.debug$T)
 *(.debug$F)
 *(.drectve)
 *(.note.GNU-stack)
 *(.gnu.lto_*)
 *(.gnu_object_only)

.idata          0x000000018000e000      0x200
 SORT_BY_NAME(*)(.idata$2)
 SORT_BY_NAME(*)(.idata$3)
                0x000000018000e000        0x4 LONG 0x0
                0x000000018000e004        0x4 LONG 0x0
                0x000000018000e008        0x4 LONG 0x0
                0x000000018000e00c        0x4 LONG 0x0
                0x000000018000e010        0x4 LONG 0x0
                0x000000018000e018                . = ALIGN (0x8)
 *fill*         0x000000018000e014        0x4 
 SORT_BY_NAME(*)(.idata$4)
                0x000000018000e018                __IAT_start__ = .
 SORT_BY_NAME(*)(.idata$5)
                0x000000018000e018                __IAT_end__ = .
 SORT_BY_NAME(*)(.idata$6)
 SORT_BY_NAME(*)(.idata$7)

.didat
 SORT_BY_NAME(*)(.didat$5)

.tls            0x000000018000f000        0x0
                0x000000018000f000                ___tls_start__ = .
 *(.tls$AAA)
 *(.tls)
 *(.tls$)
 *(SORT_BY_NAME(.tls$*))
 *(.tls$ZZZ)
                0x000000018000f000                ___tls_end__ = .

.endjunk        0x000000018000f000        0x0
                [!provide]                        PROVIDE (end = .)
                [!provide]                        PROVIDE (_end = .)
                0x000000018000f000                __end__ = .

.rsrc
 *(.rsrc)
 *(.rsrc$*)

.reloc          0x000000018000f000        0x0
 *(.reloc)
 .reloc         0x000000018000f000        0x0 dll stuff

.stab
 *(.stab)

.stabstr
 *(.stabstr)

.debug_aranges
 *(.debug_aranges)

.zdebug_aranges
 *(.zdebug_aranges)

.debug_pubnames
 *(.debug_pubnames)

.zdebug_pubnames
 *(.zdebug_pubnames)

.debug_info
 *(.debug_info .gnu.linkonce.wi.*)

.zdebug_info
 *(.zdebug_info .zdebug.gnu.linkonce.wi.*)

.debug_abbrev
 *(.debug_abbrev)

.zdebug_abbrev
 *(.zdebug_abbrev)

.debug_line
 *(.debug_line)

.zdebug_line
 *(.zdebug_line)

.debug_frame
 *(.debug_frame*)

.zdebug_frame
 *(.zdebug_frame*)

.debug_str
 *(.debug_str)

.zdebug_str
 *(.zdebug_str)

.debug_loc
 *(.debug_loc)

.zdebug_loc
 *(.zdebug_loc)

.debug_macinfo
 *(.debug_macinfo)

.zdebug_macinfo
 *(.zdebug_macinfo)

.debug_weaknames
 *(.debug_weaknames)

.zdebug_weaknames
 *(.zdebug_weaknames)

.debug_funcnames
 *(.debug_funcnames)

.zdebug_funcnames
 *(.zdebug_funcnames)

.debug_typenames
 *(.debug_typenames)

.zdebug_typenames
 *(.zdebug_typenames)

.debug_varnames
 *(.debug_varnames)

.zdebug_varnames
 *(.zdebug_varnames)

.debug_pubtypes
 *(.debug_pubtypes)

.zdebug_pubtypes
 *(.zdebug_pubtypes)

.debug_ranges
 *(.debug_ranges)

.zdebug_ranges
 *(.zdebug_ranges)

.debug_types
 *(.debug_types .gnu.linkonce.wt.*)

.zdebug_types
 *(.zdebug_types .gnu.linkonce.wt.*)

.debug_addr
 *(.debug_addr)

.zdebug_addr
 *(.zdebug_addr)

.debug_line_str
 *(.debug_line_str)

.zdebug_line_str
 *(.zdebug_line_str)

.debug_loclists
 *(.debug_loclists)

.zdebug_loclists
 *(.zdebug_loclists)

.debug_macro
 *(.debug_macro)

.zdebug_macro
 *(.zdebug_macro)

.debug_names
 *(.debug_names)

.zdebug_names
 *(.zdebug_names)

.debug_rnglists
 *(.debug_rnglists)

.zdebug_rnglists
 *(.zdebug_rnglists)

.debug_str_offsets
 *(.debug_str_offsets)

.zdebug_str_offsets
 *(.zdebug_str_offsets)

.debug_sup
 *(.debug_sup)

.debug_gdb_scripts
 *(.debug_gdb_scripts)

.zdebug_gdb_scripts
 *(.zdebug_gdb_scripts)
OUTPUT(bin/bootx64.efi pei-x86-64)
LOAD dll stuff
