
Discarded input sections

 .reloc         0x0000000000000000        0x0 dll stuff

Memory Configuration

Name             Origin             Length             Attributes
*default*        0x0000000000000000 0xffffffffffffffff

Linker script and memory map

                0x0000000180000000                __image_base__ = 0x180000000
                0x0000000000000000                __dll__ = 0x0
                0x0000000180000000                __ImageBase = 0x180000000
                0x0000000000001000                __section_alignment__ = 0x1000
                0x0000000000000200                __file_alignment__ = 0x200
                0x0000000000000004                __major_os_version__ = 0x4
                0x0000000000000000                __minor_os_version__ = 0x0
                0x0000000000000000                __major_image_version__ = 0x0
                0x0000000000000000                __minor_image_version__ = 0x0
                0x0000000000000005                __major_subsystem_version__ = 0x5
                0x0000000000000002                __minor_subsystem_version__ = 0x2
                0x000000000000000a                __subsystem__ = 0xa
                0x0000000000200000                __size_of_stack_reserve__ = 0x200000
                0x0000000000001000                __size_of_stack_commit__ = 0x1000
                0x0000000000100000                __size_of_heap_reserve__ = 0x100000
                0x0000000000001000                __size_of_heap_commit__ = 0x1000
                0x0000000000000000                __loader_flags__ = 0x0
                0x0000000000000160                __dll_characteristics__ = 0x160
LOAD obj/uefi_main.o
LOAD obj/uefi_bootlog.o
LOAD obj/uefi_stdlib.o
LOAD obj/uefi_string.o
LOAD obj/uefi_console.o
LOAD obj/uefi_efi_guids.o
LOAD obj/uefi_embedded_kernel_loader.o
LOAD obj/uefi_fat32.o
LOAD obj/uefi_platform_embedded.o
LOAD obj/uefi_hardware_probe.o
LOAD obj/uefi_platform_yaml.o
                0x00000000000002a0                . = SIZEOF_HEADERS
                0x0000000000001000                . = ALIGN (__section_alignment__)

.text           0x0000000180001000     0x8000
 *(SORT_NONE(.init))
 *(.text)
 .text          0x0000000180001000     0x3980 obj/uefi_main.o
                0x0000000180001000                load_file_fat32
                0x0000000180001571                UefiMain
                0x00000001800019d5                load_platform_config
                0x0000000180001b9c                parse_platform_config
                0x0000000180001cda                load_kernel_image
                0x0000000180002a1c                prepare_boot_info
                0x0000000180002e7f                get_memory_map
                0x0000000180003300                find_acpi_tables
                0x0000000180003428                load_kernel_segments
                0x0000000180004318                exit_boot_services
                0x000000018000443a                jump_to_kernel
 .text          0x0000000180004980      0x250 obj/uefi_bootlog.o
                0x00000001800049c9                bootlog_init
                0x00000001800049f9                bootlog_event
                0x0000000180004af2                bootlog_error
                0x0000000180004b4d                bootlog_info
                0x0000000180004ba8                bootlog_get_buffer
                0x0000000180004bb5                bootlog_get_index
                0x0000000180004bc1                bootlog_get_start_time
 .text          0x0000000180004bd0      0x2a0 obj/uefi_stdlib.o
                0x0000000180004c54                crc32
                0x0000000180004cc8                malloc
                0x0000000180004d36                free
                0x0000000180004d6c                calloc
                0x0000000180004dbe                realloc
                0x0000000180004e17                atoi
 .text          0x0000000180004e70     0x1600 obj/uefi_string.o
                0x0000000180004e70                memcpy
                0x0000000180004eca                memset
                0x0000000180004f0f                memcmp
                0x0000000180004f83                strlen
                0x0000000180004fb7                strcmp
                0x0000000180005006                strstr
                0x00000001800050c7                strncmp
                0x0000000180005134                strcpy
                0x0000000180005177                strcat
                0x00000001800051cc                wcslen
                0x0000000180005201                wcscmp
                0x0000000180005252                wcscpy
                0x0000000180005289                utf16_to_utf8
                0x000000018000541b                utf8_to_utf16
                0x0000000180005601                isdigit
                0x0000000180005622                isxdigit
                0x000000018000565b                isspace
                0x0000000180005694                toupper
                0x00000001800056b4                tolower
                0x00000001800056d4                strtoull
                0x000000018000581b                strtoll
                0x00000001800058ad                snprintf
                0x000000018000619f                sscanf
 .text          0x0000000180006470     0x1320 obj/uefi_console.o
                0x0000000180006470                console_init
                0x00000001800064f2                console_putchar
                0x0000000180006517                console_puts
                0x000000018000653b                console_printf
                0x0000000180006a94                console_set_color
                0x0000000180006ab7                console_clear
                0x0000000180006afd                console_set_cursor
                0x0000000180006b83                console_get_cursor
                0x0000000180006bb8                log_set_level
                0x0000000180006cd2                log_error
                0x0000000180006d17                log_warn
                0x0000000180006d5c                log_info
                0x0000000180006da1                log_debug
                0x0000000180006de6                log_trace
                0x0000000180006e2b                serial_init
                0x0000000180006ef3                serial_putchar
                0x0000000180006f37                serial_puts
                0x0000000180006f77                serial_printf
 .text          0x0000000180007790        0x0 obj/uefi_efi_guids.o
 .text          0x0000000180007790       0xe0 obj/uefi_embedded_kernel_loader.o
                0x0000000180007790                load_kernel_image_embedded
 .text          0x0000000180007870      0xe40 obj/uefi_fat32.o
                0x0000000180007bb6                fat32_init
                0x0000000180007d33                fat32_is_valid
                0x0000000180008401                fat32_open_file
                0x00000001800084c6                fat32_read_file
                0x0000000180008677                fat32_free_buffer
 .text          0x00000001800086b0        0x0 obj/uefi_platform_embedded.o
 .text          0x00000001800086b0      0x790 obj/uefi_hardware_probe.o
                0x0000000180008737                hardware_probe_init
                0x0000000180008792                probe_cpu
                0x0000000180008b22                probe_memory_topology
                0x0000000180008c2d                probe_pci_devices
                0x0000000180008c82                probe_interrupt_controller
                0x0000000180008db4                hardware_probe_all
 .text          0x0000000180008e40       0x20 obj/uefi_platform_yaml.o
                0x0000000180008e40                get_embedded_platform_config
                0x0000000180008e4d                get_embedded_platform_config_size
 *(SORT_BY_NAME(.text$*))
 *(.text.*)
 *(.gnu.linkonce.t.*)
 *(.glue_7t)
 *(.glue_7)
                0x0000000180008e60                . = ALIGN (0x8)
 *(SORT_NONE(.fini))
 *(.gcc_exc)
                [!provide]                        PROVIDE (etext = .)
 *(.gcc_except_table)

.data           0x0000000180009000      0x200
                0x0000000180009000                __data_start__ = .
 *(.data)
 .data          0x0000000180009000       0x80 obj/uefi_main.o
 .data          0x0000000180009080        0x0 obj/uefi_bootlog.o
 .data          0x0000000180009080        0x0 obj/uefi_stdlib.o
 .data          0x0000000180009080        0x0 obj/uefi_string.o
 .data          0x0000000180009080       0x10 obj/uefi_console.o
 .data          0x0000000180009090       0x60 obj/uefi_efi_guids.o
                0x0000000180009090                gEfiLoadedImageProtocolGuid
                0x00000001800090a0                gEfiSimpleFileSystemProtocolGuid
                0x00000001800090b0                gEfiBlockIoProtocolGuid
                0x00000001800090c0                gEfiFileInfoGuid
                0x00000001800090d0                gEfiAcpi20TableGuid
                0x00000001800090e0                gEfiAcpiTableGuid
 .data          0x00000001800090f0        0x0 obj/uefi_embedded_kernel_loader.o
 .data          0x00000001800090f0        0x0 obj/uefi_fat32.o
 .data          0x00000001800090f0        0x0 obj/uefi_platform_embedded.o
 .data          0x00000001800090f0        0x0 obj/uefi_hardware_probe.o
 .data          0x00000001800090f0        0x0 obj/uefi_platform_yaml.o
 *(.data2)
 *(SORT_BY_NAME(.data$*))
 *(.jcr)
                0x00000001800090f0                __data_end__ = .
 *(.data_cygwin_nocopy)

.rdata          0x000000018000a000    0x27200
 *(.rdata)
 .rdata         0x000000018000a000     0x2640 obj/uefi_main.o
 .rdata         0x000000018000c640       0x50 obj/uefi_bootlog.o
 .rdata         0x000000018000c690       0x20 obj/uefi_string.o
 .rdata         0x000000018000c6b0       0x40 obj/uefi_console.o
 *fill*         0x000000018000c6f0       0x10 
 .rdata         0x000000018000c700    0x22c00 obj/uefi_embedded_kernel_loader.o
 .rdata         0x000000018002f300      0x2e0 obj/uefi_fat32.o
 .rdata         0x000000018002f5e0      0x2b0 obj/uefi_hardware_probe.o
 *fill*         0x000000018002f890       0x10 
 .rdata         0x000000018002f8a0     0x1700 obj/uefi_platform_yaml.o
 *(SORT_BY_NAME(.rdata$*))
 .rdata$zzz     0x0000000180030fa0       0x20 obj/uefi_main.o
 .rdata$zzz     0x0000000180030fc0       0x20 obj/uefi_bootlog.o
 .rdata$zzz     0x0000000180030fe0       0x20 obj/uefi_stdlib.o
 .rdata$zzz     0x0000000180031000       0x20 obj/uefi_string.o
 .rdata$zzz     0x0000000180031020       0x20 obj/uefi_console.o
 .rdata$zzz     0x0000000180031040       0x20 obj/uefi_efi_guids.o
 .rdata$zzz     0x0000000180031060       0x20 obj/uefi_embedded_kernel_loader.o
 .rdata$zzz     0x0000000180031080       0x20 obj/uefi_fat32.o
 .rdata$zzz     0x00000001800310a0       0x20 obj/uefi_platform_embedded.o
 .rdata$zzz     0x00000001800310c0       0x20 obj/uefi_hardware_probe.o
 .rdata$zzz     0x00000001800310e0       0x20 obj/uefi_platform_yaml.o
                0x0000000180031100                . = ALIGN (0x4)
                0x0000000180031100                __rt_psrelocs_start = .
 *(.rdata_runtime_pseudo_reloc)
                0x0000000180031100                __rt_psrelocs_end = .
                0x0000000180031100                . = ALIGN (0x8)
                0x0000000180031100                __DELAY_IMPORT_DIRECTORY_start__ = .
 SORT_BY_NAME(*)(.didat$2)
 SORT_BY_NAME(*)(.didat$3)
                0x0000000180031100                __DELAY_IMPORT_DIRECTORY_end__ = .
                0x0000000180031100                . = (. + (__DELAY_IMPORT_DIRECTORY_end__ - __DELAY_IMPORT_DIRECTORY_start__)?0x20:0x0)
                0x0000000180031100                . = ALIGN (0x8)
 SORT_BY_NAME(*)(.didat$4)
 SORT_BY_NAME(*)(.didat$6)
 SORT_BY_NAME(*)(.didat$7)
                0x0000000180031100                . = ALIGN (0x8)
                0x0000000180031100                ___CTOR_LIST__ = .
                0x0000000180031100                __CTOR_LIST__ = .
                0x0000000180031100        0x4 LONG 0xffffffffffffffff
                0x0000000180031104        0x4 LONG 0xffffffffffffffff
 *(.ctors)
 *(.ctor)
 *(SORT_BY_NAME(.ctors.*))
                0x0000000180031108        0x4 LONG 0x0
                0x000000018003110c        0x4 LONG 0x0
                0x0000000180031110                ___DTOR_LIST__ = .
                0x0000000180031110                __DTOR_LIST__ = .
                0x0000000180031110        0x4 LONG 0xffffffffffffffff
                0x0000000180031114        0x4 LONG 0xffffffffffffffff
 *(.dtors)
 *(.dtor)
 *(SORT_BY_NAME(.dtors.*))
                0x0000000180031118        0x4 LONG 0x0
                0x000000018003111c        0x4 LONG 0x0
                0x0000000180031120                ___crt_xc_start__ = .
 *(SORT_BY_NAME(.CRT$XC*))
                0x0000000180031120                ___crt_xc_end__ = .
                0x0000000180031120                ___crt_xi_start__ = .
 *(SORT_BY_NAME(.CRT$XI*))
                0x0000000180031120                ___crt_xi_end__ = .
                0x0000000180031120                ___crt_xl_start__ = .
 *(SORT_BY_NAME(.CRT$XL*))
                0x0000000180031120                ___crt_xp_start__ = .
 *(SORT_BY_NAME(.CRT$XP*))
                0x0000000180031120                ___crt_xp_end__ = .
                0x0000000180031120                ___crt_xt_start__ = .
 *(SORT_BY_NAME(.CRT$XT*))
                0x0000000180031120                ___crt_xt_end__ = .
                0x0000000180031120                ___crt_xd_start__ = .
 *(SORT_BY_NAME(.CRT$XD*))
                0x0000000180031120                ___crt_xd_end__ = .
                0x0000000180031100                ___RUNTIME_PSEUDO_RELOC_LIST_END__ = __rt_psrelocs_end
                0x0000000180031100                __RUNTIME_PSEUDO_RELOC_LIST_END__ = __rt_psrelocs_end
                0x0000000180031100                ___RUNTIME_PSEUDO_RELOC_LIST__ = __rt_psrelocs_start
                0x0000000180031100                __RUNTIME_PSEUDO_RELOC_LIST__ = __rt_psrelocs_start

.eh_frame
 *(.eh_frame*)

.pdata
 *(.pdata*)

.xdata
 *(.xdata*)

.bss            0x0000000180032000     0x11a0
                0x0000000180032000                __bss_start__ = .
 *(.bss)
 .bss           0x0000000180032000       0x40 obj/uefi_main.o
                0x0000000180032000                gST
                0x0000000180032008                gBS
 .bss           0x0000000180032040      0xc20 obj/uefi_bootlog.o
 .bss           0x0000000180032c60      0x420 obj/uefi_stdlib.o
 .bss           0x0000000180033080        0x0 obj/uefi_string.o
 .bss           0x0000000180033080      0x120 obj/uefi_console.o
 .bss           0x00000001800331a0        0x0 obj/uefi_efi_guids.o
 .bss           0x00000001800331a0        0x0 obj/uefi_embedded_kernel_loader.o
 .bss           0x00000001800331a0        0x0 obj/uefi_fat32.o
 .bss           0x00000001800331a0        0x0 obj/uefi_platform_embedded.o
 .bss           0x00000001800331a0        0x0 obj/uefi_hardware_probe.o
 .bss           0x00000001800331a0        0x0 obj/uefi_platform_yaml.o
 *(COMMON)
                0x00000001800331a0                __bss_end__ = .

.edata          0x0000000180034000      0xa00
 *(.edata)
 .edata         0x0000000180034000      0x84c dll stuff

/DISCARD/
 *(.debug$S)
 *(.debug$T)
 *(.debug$F)
 *(.drectve)
 *(.note.GNU-stack)
 *(.gnu.lto_*)
 *(.gnu_object_only)

.idata          0x0000000180035000      0x200
 SORT_BY_NAME(*)(.idata$2)
 SORT_BY_NAME(*)(.idata$3)
                0x0000000180035000        0x4 LONG 0x0
                0x0000000180035004        0x4 LONG 0x0
                0x0000000180035008        0x4 LONG 0x0
                0x000000018003500c        0x4 LONG 0x0
                0x0000000180035010        0x4 LONG 0x0
                0x0000000180035018                . = ALIGN (0x8)
 *fill*         0x0000000180035014        0x4 
 SORT_BY_NAME(*)(.idata$4)
                0x0000000180035018                __IAT_start__ = .
 SORT_BY_NAME(*)(.idata$5)
                0x0000000180035018                __IAT_end__ = .
 SORT_BY_NAME(*)(.idata$6)
 SORT_BY_NAME(*)(.idata$7)

.didat
 SORT_BY_NAME(*)(.didat$5)

.tls            0x0000000180036000        0x0
                0x0000000180036000                ___tls_start__ = .
 *(.tls$AAA)
 *(.tls)
 *(.tls$)
 *(SORT_BY_NAME(.tls$*))
 *(.tls$ZZZ)
                0x0000000180036000                ___tls_end__ = .

.endjunk        0x0000000180036000        0x0
                [!provide]                        PROVIDE (end = .)
                [!provide]                        PROVIDE (_end = .)
                0x0000000180036000                __end__ = .

.rsrc
 *(.rsrc)
 *(.rsrc$*)

.reloc          0x0000000180036000        0x0
 *(.reloc)
 .reloc         0x0000000180036000        0x0 dll stuff

.stab
 *(.stab)

.stabstr
 *(.stabstr)

.debug_aranges
 *(.debug_aranges)

.zdebug_aranges
 *(.zdebug_aranges)

.debug_pubnames
 *(.debug_pubnames)

.zdebug_pubnames
 *(.zdebug_pubnames)

.debug_info
 *(.debug_info .gnu.linkonce.wi.*)

.zdebug_info
 *(.zdebug_info .zdebug.gnu.linkonce.wi.*)

.debug_abbrev
 *(.debug_abbrev)

.zdebug_abbrev
 *(.zdebug_abbrev)

.debug_line
 *(.debug_line)

.zdebug_line
 *(.zdebug_line)

.debug_frame
 *(.debug_frame*)

.zdebug_frame
 *(.zdebug_frame*)

.debug_str
 *(.debug_str)

.zdebug_str
 *(.zdebug_str)

.debug_loc
 *(.debug_loc)

.zdebug_loc
 *(.zdebug_loc)

.debug_macinfo
 *(.debug_macinfo)

.zdebug_macinfo
 *(.zdebug_macinfo)

.debug_weaknames
 *(.debug_weaknames)

.zdebug_weaknames
 *(.zdebug_weaknames)

.debug_funcnames
 *(.debug_funcnames)

.zdebug_funcnames
 *(.zdebug_funcnames)

.debug_typenames
 *(.debug_typenames)

.zdebug_typenames
 *(.zdebug_typenames)

.debug_varnames
 *(.debug_varnames)

.zdebug_varnames
 *(.zdebug_varnames)

.debug_pubtypes
 *(.debug_pubtypes)

.zdebug_pubtypes
 *(.zdebug_pubtypes)

.debug_ranges
 *(.debug_ranges)

.zdebug_ranges
 *(.zdebug_ranges)

.debug_types
 *(.debug_types .gnu.linkonce.wt.*)

.zdebug_types
 *(.zdebug_types .gnu.linkonce.wt.*)

.debug_addr
 *(.debug_addr)

.zdebug_addr
 *(.zdebug_addr)

.debug_line_str
 *(.debug_line_str)

.zdebug_line_str
 *(.zdebug_line_str)

.debug_loclists
 *(.debug_loclists)

.zdebug_loclists
 *(.zdebug_loclists)

.debug_macro
 *(.debug_macro)

.zdebug_macro
 *(.zdebug_macro)

.debug_names
 *(.debug_names)

.zdebug_names
 *(.zdebug_names)

.debug_rnglists
 *(.debug_rnglists)

.zdebug_rnglists
 *(.zdebug_rnglists)

.debug_str_offsets
 *(.debug_str_offsets)

.zdebug_str_offsets
 *(.zdebug_str_offsets)

.debug_sup
 *(.debug_sup)

.debug_gdb_scripts
 *(.debug_gdb_scripts)

.zdebug_gdb_scripts
 *(.zdebug_gdb_scripts)
OUTPUT(bin/bootx64.efi pei-x86-64)
LOAD dll stuff
