
Discarded input sections

 .reloc         0x0000000000000000        0x0 dll stuff

Memory Configuration

Name             Origin             Length             Attributes
*default*        0x0000000000000000 0xffffffffffffffff

Linker script and memory map

                0x0000000180000000                __image_base__ = 0x180000000
                0x0000000000000000                __dll__ = 0x0
                0x0000000180000000                __ImageBase = 0x180000000
                0x0000000000001000                __section_alignment__ = 0x1000
                0x0000000000000200                __file_alignment__ = 0x200
                0x0000000000000004                __major_os_version__ = 0x4
                0x0000000000000000                __minor_os_version__ = 0x0
                0x0000000000000000                __major_image_version__ = 0x0
                0x0000000000000000                __minor_image_version__ = 0x0
                0x0000000000000005                __major_subsystem_version__ = 0x5
                0x0000000000000002                __minor_subsystem_version__ = 0x2
                0x000000000000000a                __subsystem__ = 0xa
                0x0000000000200000                __size_of_stack_reserve__ = 0x200000
                0x0000000000001000                __size_of_stack_commit__ = 0x1000
                0x0000000000100000                __size_of_heap_reserve__ = 0x100000
                0x0000000000001000                __size_of_heap_commit__ = 0x1000
                0x0000000000000000                __loader_flags__ = 0x0
                0x0000000000000160                __dll_characteristics__ = 0x160
LOAD obj/uefi_main.o
LOAD obj/uefi_bootlog.o
LOAD obj/uefi_stdlib.o
LOAD obj/uefi_string.o
LOAD obj/uefi_console.o
LOAD obj/uefi_efi_guids.o
LOAD obj/uefi_embedded_kernel_loader.o
LOAD obj/uefi_fat32.o
LOAD obj/uefi_platform_embedded.o
LOAD obj/uefi_hardware_probe.o
LOAD obj/uefi_platform_yaml.o
                0x00000000000002a0                . = SIZEOF_HEADERS
                0x0000000000001000                . = ALIGN (__section_alignment__)

.text           0x0000000180001000     0x7800
 *(SORT_NONE(.init))
 *(.text)
 .text          0x0000000180001000     0x3250 obj/uefi_main.o
                0x0000000180001000                load_file_fat32
                0x0000000180001571                UefiMain
                0x00000001800019d5                load_platform_config
                0x0000000180001b9c                parse_platform_config
                0x0000000180001cda                load_kernel_image
                0x0000000180002a1c                prepare_boot_info
                0x0000000180002d3b                get_memory_map
                0x00000001800031bc                find_acpi_tables
                0x00000001800032e4                load_kernel_segments
                0x0000000180003c8d                exit_boot_services
                0x0000000180003daf                jump_to_kernel
 .text          0x0000000180004250      0x250 obj/uefi_bootlog.o
                0x0000000180004299                bootlog_init
                0x00000001800042c9                bootlog_event
                0x00000001800043c2                bootlog_error
                0x000000018000441d                bootlog_info
                0x0000000180004478                bootlog_get_buffer
                0x0000000180004485                bootlog_get_index
                0x0000000180004491                bootlog_get_start_time
 .text          0x00000001800044a0      0x2a0 obj/uefi_stdlib.o
                0x0000000180004524                crc32
                0x0000000180004598                malloc
                0x0000000180004606                free
                0x000000018000463c                calloc
                0x000000018000468e                realloc
                0x00000001800046e7                atoi
 .text          0x0000000180004740     0x1600 obj/uefi_string.o
                0x0000000180004740                memcpy
                0x000000018000479a                memset
                0x00000001800047df                memcmp
                0x0000000180004853                strlen
                0x0000000180004887                strcmp
                0x00000001800048d6                strstr
                0x0000000180004997                strncmp
                0x0000000180004a04                strcpy
                0x0000000180004a47                strcat
                0x0000000180004a9c                wcslen
                0x0000000180004ad1                wcscmp
                0x0000000180004b22                wcscpy
                0x0000000180004b59                utf16_to_utf8
                0x0000000180004ceb                utf8_to_utf16
                0x0000000180004ed1                isdigit
                0x0000000180004ef2                isxdigit
                0x0000000180004f2b                isspace
                0x0000000180004f64                toupper
                0x0000000180004f84                tolower
                0x0000000180004fa4                strtoull
                0x00000001800050eb                strtoll
                0x000000018000517d                snprintf
                0x0000000180005a6f                sscanf
 .text          0x0000000180005d40     0x1320 obj/uefi_console.o
                0x0000000180005d40                console_init
                0x0000000180005dc2                console_putchar
                0x0000000180005de7                console_puts
                0x0000000180005e0b                console_printf
                0x0000000180006364                console_set_color
                0x0000000180006387                console_clear
                0x00000001800063cd                console_set_cursor
                0x0000000180006453                console_get_cursor
                0x0000000180006488                log_set_level
                0x00000001800065a2                log_error
                0x00000001800065e7                log_warn
                0x000000018000662c                log_info
                0x0000000180006671                log_debug
                0x00000001800066b6                log_trace
                0x00000001800066fb                serial_init
                0x00000001800067c3                serial_putchar
                0x0000000180006807                serial_puts
                0x0000000180006847                serial_printf
 .text          0x0000000180007060        0x0 obj/uefi_efi_guids.o
 .text          0x0000000180007060       0xe0 obj/uefi_embedded_kernel_loader.o
                0x0000000180007060                load_kernel_image_embedded
 .text          0x0000000180007140      0xe40 obj/uefi_fat32.o
                0x0000000180007486                fat32_init
                0x0000000180007603                fat32_is_valid
                0x0000000180007cd1                fat32_open_file
                0x0000000180007d96                fat32_read_file
                0x0000000180007f47                fat32_free_buffer
 .text          0x0000000180007f80        0x0 obj/uefi_platform_embedded.o
 .text          0x0000000180007f80      0x790 obj/uefi_hardware_probe.o
                0x0000000180008007                hardware_probe_init
                0x0000000180008062                probe_cpu
                0x00000001800083f2                probe_memory_topology
                0x00000001800084fd                probe_pci_devices
                0x0000000180008552                probe_interrupt_controller
                0x0000000180008684                hardware_probe_all
 .text          0x0000000180008710       0x20 obj/uefi_platform_yaml.o
                0x0000000180008710                get_embedded_platform_config
                0x000000018000871d                get_embedded_platform_config_size
 *(SORT_BY_NAME(.text$*))
 *(.text.*)
 *(.gnu.linkonce.t.*)
 *(.glue_7t)
 *(.glue_7)
                0x0000000180008730                . = ALIGN (0x8)
 *(SORT_NONE(.fini))
 *(.gcc_exc)
                [!provide]                        PROVIDE (etext = .)
 *(.gcc_except_table)

.data           0x0000000180009000      0x200
                0x0000000180009000                __data_start__ = .
 *(.data)
 .data          0x0000000180009000       0x80 obj/uefi_main.o
 .data          0x0000000180009080        0x0 obj/uefi_bootlog.o
 .data          0x0000000180009080        0x0 obj/uefi_stdlib.o
 .data          0x0000000180009080        0x0 obj/uefi_string.o
 .data          0x0000000180009080       0x10 obj/uefi_console.o
 .data          0x0000000180009090       0x60 obj/uefi_efi_guids.o
                0x0000000180009090                gEfiLoadedImageProtocolGuid
                0x00000001800090a0                gEfiSimpleFileSystemProtocolGuid
                0x00000001800090b0                gEfiBlockIoProtocolGuid
                0x00000001800090c0                gEfiFileInfoGuid
                0x00000001800090d0                gEfiAcpi20TableGuid
                0x00000001800090e0                gEfiAcpiTableGuid
 .data          0x00000001800090f0        0x0 obj/uefi_embedded_kernel_loader.o
 .data          0x00000001800090f0        0x0 obj/uefi_fat32.o
 .data          0x00000001800090f0        0x0 obj/uefi_platform_embedded.o
 .data          0x00000001800090f0        0x0 obj/uefi_hardware_probe.o
 .data          0x00000001800090f0        0x0 obj/uefi_platform_yaml.o
 *(.data2)
 *(SORT_BY_NAME(.data$*))
 *(.jcr)
                0x00000001800090f0                __data_end__ = .
 *(.data_cygwin_nocopy)

.rdata          0x000000018000a000    0x26000
 *(.rdata)
 .rdata         0x000000018000a000     0x2400 obj/uefi_main.o
 .rdata         0x000000018000c400       0x50 obj/uefi_bootlog.o
 .rdata         0x000000018000c450       0x20 obj/uefi_string.o
 .rdata         0x000000018000c470       0x40 obj/uefi_console.o
 *fill*         0x000000018000c4b0       0x10 
 .rdata         0x000000018000c4c0    0x21be0 obj/uefi_embedded_kernel_loader.o
 .rdata         0x000000018002e0a0      0x2e0 obj/uefi_fat32.o
 .rdata         0x000000018002e380      0x2b0 obj/uefi_hardware_probe.o
 *fill*         0x000000018002e630       0x10 
 .rdata         0x000000018002e640     0x1700 obj/uefi_platform_yaml.o
 *(SORT_BY_NAME(.rdata$*))
 .rdata$zzz     0x000000018002fd40       0x20 obj/uefi_main.o
 .rdata$zzz     0x000000018002fd60       0x20 obj/uefi_bootlog.o
 .rdata$zzz     0x000000018002fd80       0x20 obj/uefi_stdlib.o
 .rdata$zzz     0x000000018002fda0       0x20 obj/uefi_string.o
 .rdata$zzz     0x000000018002fdc0       0x20 obj/uefi_console.o
 .rdata$zzz     0x000000018002fde0       0x20 obj/uefi_efi_guids.o
 .rdata$zzz     0x000000018002fe00       0x20 obj/uefi_embedded_kernel_loader.o
 .rdata$zzz     0x000000018002fe20       0x20 obj/uefi_fat32.o
 .rdata$zzz     0x000000018002fe40       0x20 obj/uefi_platform_embedded.o
 .rdata$zzz     0x000000018002fe60       0x20 obj/uefi_hardware_probe.o
 .rdata$zzz     0x000000018002fe80       0x20 obj/uefi_platform_yaml.o
                0x000000018002fea0                . = ALIGN (0x4)
                0x000000018002fea0                __rt_psrelocs_start = .
 *(.rdata_runtime_pseudo_reloc)
                0x000000018002fea0                __rt_psrelocs_end = .
                0x000000018002fea0                . = ALIGN (0x8)
                0x000000018002fea0                __DELAY_IMPORT_DIRECTORY_start__ = .
 SORT_BY_NAME(*)(.didat$2)
 SORT_BY_NAME(*)(.didat$3)
                0x000000018002fea0                __DELAY_IMPORT_DIRECTORY_end__ = .
                0x000000018002fea0                . = (. + (__DELAY_IMPORT_DIRECTORY_end__ - __DELAY_IMPORT_DIRECTORY_start__)?0x20:0x0)
                0x000000018002fea0                . = ALIGN (0x8)
 SORT_BY_NAME(*)(.didat$4)
 SORT_BY_NAME(*)(.didat$6)
 SORT_BY_NAME(*)(.didat$7)
                0x000000018002fea0                . = ALIGN (0x8)
                0x000000018002fea0                ___CTOR_LIST__ = .
                0x000000018002fea0                __CTOR_LIST__ = .
                0x000000018002fea0        0x4 LONG 0xffffffffffffffff
                0x000000018002fea4        0x4 LONG 0xffffffffffffffff
 *(.ctors)
 *(.ctor)
 *(SORT_BY_NAME(.ctors.*))
                0x000000018002fea8        0x4 LONG 0x0
                0x000000018002feac        0x4 LONG 0x0
                0x000000018002feb0                ___DTOR_LIST__ = .
                0x000000018002feb0                __DTOR_LIST__ = .
                0x000000018002feb0        0x4 LONG 0xffffffffffffffff
                0x000000018002feb4        0x4 LONG 0xffffffffffffffff
 *(.dtors)
 *(.dtor)
 *(SORT_BY_NAME(.dtors.*))
                0x000000018002feb8        0x4 LONG 0x0
                0x000000018002febc        0x4 LONG 0x0
                0x000000018002fec0                ___crt_xc_start__ = .
 *(SORT_BY_NAME(.CRT$XC*))
                0x000000018002fec0                ___crt_xc_end__ = .
                0x000000018002fec0                ___crt_xi_start__ = .
 *(SORT_BY_NAME(.CRT$XI*))
                0x000000018002fec0                ___crt_xi_end__ = .
                0x000000018002fec0                ___crt_xl_start__ = .
 *(SORT_BY_NAME(.CRT$XL*))
                0x000000018002fec0                ___crt_xp_start__ = .
 *(SORT_BY_NAME(.CRT$XP*))
                0x000000018002fec0                ___crt_xp_end__ = .
                0x000000018002fec0                ___crt_xt_start__ = .
 *(SORT_BY_NAME(.CRT$XT*))
                0x000000018002fec0                ___crt_xt_end__ = .
                0x000000018002fec0                ___crt_xd_start__ = .
 *(SORT_BY_NAME(.CRT$XD*))
                0x000000018002fec0                ___crt_xd_end__ = .
                0x000000018002fea0                ___RUNTIME_PSEUDO_RELOC_LIST_END__ = __rt_psrelocs_end
                0x000000018002fea0                __RUNTIME_PSEUDO_RELOC_LIST_END__ = __rt_psrelocs_end
                0x000000018002fea0                ___RUNTIME_PSEUDO_RELOC_LIST__ = __rt_psrelocs_start
                0x000000018002fea0                __RUNTIME_PSEUDO_RELOC_LIST__ = __rt_psrelocs_start

.eh_frame
 *(.eh_frame*)

.pdata
 *(.pdata*)

.xdata
 *(.xdata*)

.bss            0x0000000180030000     0x11a0
                0x0000000180030000                __bss_start__ = .
 *(.bss)
 .bss           0x0000000180030000       0x40 obj/uefi_main.o
                0x0000000180030000                gST
                0x0000000180030008                gBS
 .bss           0x0000000180030040      0xc20 obj/uefi_bootlog.o
 .bss           0x0000000180030c60      0x420 obj/uefi_stdlib.o
 .bss           0x0000000180031080        0x0 obj/uefi_string.o
 .bss           0x0000000180031080      0x120 obj/uefi_console.o
 .bss           0x00000001800311a0        0x0 obj/uefi_efi_guids.o
 .bss           0x00000001800311a0        0x0 obj/uefi_embedded_kernel_loader.o
 .bss           0x00000001800311a0        0x0 obj/uefi_fat32.o
 .bss           0x00000001800311a0        0x0 obj/uefi_platform_embedded.o
 .bss           0x00000001800311a0        0x0 obj/uefi_hardware_probe.o
 .bss           0x00000001800311a0        0x0 obj/uefi_platform_yaml.o
 *(COMMON)
                0x00000001800311a0                __bss_end__ = .

.edata          0x0000000180032000      0xa00
 *(.edata)
 .edata         0x0000000180032000      0x84c dll stuff

/DISCARD/
 *(.debug$S)
 *(.debug$T)
 *(.debug$F)
 *(.drectve)
 *(.note.GNU-stack)
 *(.gnu.lto_*)
 *(.gnu_object_only)

.idata          0x0000000180033000      0x200
 SORT_BY_NAME(*)(.idata$2)
 SORT_BY_NAME(*)(.idata$3)
                0x0000000180033000        0x4 LONG 0x0
                0x0000000180033004        0x4 LONG 0x0
                0x0000000180033008        0x4 LONG 0x0
                0x000000018003300c        0x4 LONG 0x0
                0x0000000180033010        0x4 LONG 0x0
                0x0000000180033018                . = ALIGN (0x8)
 *fill*         0x0000000180033014        0x4 
 SORT_BY_NAME(*)(.idata$4)
                0x0000000180033018                __IAT_start__ = .
 SORT_BY_NAME(*)(.idata$5)
                0x0000000180033018                __IAT_end__ = .
 SORT_BY_NAME(*)(.idata$6)
 SORT_BY_NAME(*)(.idata$7)

.didat
 SORT_BY_NAME(*)(.didat$5)

.tls            0x0000000180034000        0x0
                0x0000000180034000                ___tls_start__ = .
 *(.tls$AAA)
 *(.tls)
 *(.tls$)
 *(SORT_BY_NAME(.tls$*))
 *(.tls$ZZZ)
                0x0000000180034000                ___tls_end__ = .

.endjunk        0x0000000180034000        0x0
                [!provide]                        PROVIDE (end = .)
                [!provide]                        PROVIDE (_end = .)
                0x0000000180034000                __end__ = .

.rsrc
 *(.rsrc)
 *(.rsrc$*)

.reloc          0x0000000180034000        0x0
 *(.reloc)
 .reloc         0x0000000180034000        0x0 dll stuff

.stab
 *(.stab)

.stabstr
 *(.stabstr)

.debug_aranges
 *(.debug_aranges)

.zdebug_aranges
 *(.zdebug_aranges)

.debug_pubnames
 *(.debug_pubnames)

.zdebug_pubnames
 *(.zdebug_pubnames)

.debug_info
 *(.debug_info .gnu.linkonce.wi.*)

.zdebug_info
 *(.zdebug_info .zdebug.gnu.linkonce.wi.*)

.debug_abbrev
 *(.debug_abbrev)

.zdebug_abbrev
 *(.zdebug_abbrev)

.debug_line
 *(.debug_line)

.zdebug_line
 *(.zdebug_line)

.debug_frame
 *(.debug_frame*)

.zdebug_frame
 *(.zdebug_frame*)

.debug_str
 *(.debug_str)

.zdebug_str
 *(.zdebug_str)

.debug_loc
 *(.debug_loc)

.zdebug_loc
 *(.zdebug_loc)

.debug_macinfo
 *(.debug_macinfo)

.zdebug_macinfo
 *(.zdebug_macinfo)

.debug_weaknames
 *(.debug_weaknames)

.zdebug_weaknames
 *(.zdebug_weaknames)

.debug_funcnames
 *(.debug_funcnames)

.zdebug_funcnames
 *(.zdebug_funcnames)

.debug_typenames
 *(.debug_typenames)

.zdebug_typenames
 *(.zdebug_typenames)

.debug_varnames
 *(.debug_varnames)

.zdebug_varnames
 *(.zdebug_varnames)

.debug_pubtypes
 *(.debug_pubtypes)

.zdebug_pubtypes
 *(.zdebug_pubtypes)

.debug_ranges
 *(.debug_ranges)

.zdebug_ranges
 *(.zdebug_ranges)

.debug_types
 *(.debug_types .gnu.linkonce.wt.*)

.zdebug_types
 *(.zdebug_types .gnu.linkonce.wt.*)

.debug_addr
 *(.debug_addr)

.zdebug_addr
 *(.zdebug_addr)

.debug_line_str
 *(.debug_line_str)

.zdebug_line_str
 *(.zdebug_line_str)

.debug_loclists
 *(.debug_loclists)

.zdebug_loclists
 *(.zdebug_loclists)

.debug_macro
 *(.debug_macro)

.zdebug_macro
 *(.zdebug_macro)

.debug_names
 *(.debug_names)

.zdebug_names
 *(.zdebug_names)

.debug_rnglists
 *(.debug_rnglists)

.zdebug_rnglists
 *(.zdebug_rnglists)

.debug_str_offsets
 *(.debug_str_offsets)

.zdebug_str_offsets
 *(.zdebug_str_offsets)

.debug_sup
 *(.debug_sup)

.debug_gdb_scripts
 *(.debug_gdb_scripts)

.zdebug_gdb_scripts
 *(.zdebug_gdb_scripts)
OUTPUT(bin/bootx64.efi pei-x86-64)
LOAD dll stuff
