
Discarded input sections

 .reloc         0x0000000000000000        0x0 dll stuff

Memory Configuration

Name             Origin             Length             Attributes
*default*        0x0000000000000000 0xffffffffffffffff

Linker script and memory map

                0x0000000180000000                __image_base__ = 0x180000000
                0x0000000000000000                __dll__ = 0x0
                0x0000000180000000                __ImageBase = 0x180000000
                0x0000000000001000                __section_alignment__ = 0x1000
                0x0000000000000200                __file_alignment__ = 0x200
                0x0000000000000004                __major_os_version__ = 0x4
                0x0000000000000000                __minor_os_version__ = 0x0
                0x0000000000000000                __major_image_version__ = 0x0
                0x0000000000000000                __minor_image_version__ = 0x0
                0x0000000000000005                __major_subsystem_version__ = 0x5
                0x0000000000000002                __minor_subsystem_version__ = 0x2
                0x000000000000000a                __subsystem__ = 0xa
                0x0000000000200000                __size_of_stack_reserve__ = 0x200000
                0x0000000000001000                __size_of_stack_commit__ = 0x1000
                0x0000000000100000                __size_of_heap_reserve__ = 0x100000
                0x0000000000001000                __size_of_heap_commit__ = 0x1000
                0x0000000000000000                __loader_flags__ = 0x0
                0x0000000000000160                __dll_characteristics__ = 0x160
LOAD obj/uefi_main.o
LOAD obj/uefi_bootlog.o
LOAD obj/uefi_stdlib.o
LOAD obj/uefi_string.o
LOAD obj/uefi_console.o
LOAD obj/uefi_efi_guids.o
LOAD obj/uefi_embedded_kernel_loader.o
LOAD obj/uefi_fat32.o
                0x00000000000002a0                . = SIZEOF_HEADERS
                0x0000000000001000                . = ALIGN (__section_alignment__)

.text           0x0000000180001000     0x6800
 *(SORT_NONE(.init))
 *(.text)
 .text          0x0000000180001000     0x3220 obj/uefi_main.o
                0x0000000180001000                load_file_fat32
                0x0000000180001571                UefiMain
                0x0000000180001a4f                load_platform_config
                0x0000000180001e54                parse_platform_config
                0x0000000180001f92                load_kernel_image
                0x0000000180002cd4                prepare_boot_info
                0x0000000180002ed2                get_memory_map
                0x00000001800031d5                find_acpi_tables
                0x00000001800032fd                load_kernel_segments
                0x000000018000392b                exit_boot_services
                0x0000000180003a4d                jump_to_kernel
                0x0000000180003e89                efi_main
 .text          0x0000000180004220      0x250 obj/uefi_bootlog.o
                0x0000000180004269                bootlog_init
                0x0000000180004299                bootlog_event
                0x0000000180004392                bootlog_error
                0x00000001800043ed                bootlog_info
                0x0000000180004448                bootlog_get_buffer
                0x0000000180004455                bootlog_get_index
                0x0000000180004461                bootlog_get_start_time
 .text          0x0000000180004470      0x2a0 obj/uefi_stdlib.o
                0x00000001800044f4                crc32
                0x0000000180004568                malloc
                0x00000001800045d6                free
                0x000000018000460c                calloc
                0x000000018000465e                realloc
                0x00000001800046b7                atoi
 .text          0x0000000180004710     0x10d0 obj/uefi_string.o
                0x0000000180004710                memcpy
                0x000000018000476a                memset
                0x00000001800047af                memcmp
                0x0000000180004823                strlen
                0x0000000180004857                strcmp
                0x00000001800048a6                strstr
                0x0000000180004967                strncmp
                0x00000001800049d4                strcpy
                0x0000000180004a17                strcat
                0x0000000180004a6c                wcslen
                0x0000000180004aa1                wcscmp
                0x0000000180004af2                wcscpy
                0x0000000180004b29                utf16_to_utf8
                0x0000000180004cbb                utf8_to_utf16
                0x0000000180004ea1                isdigit
                0x0000000180004ec2                isxdigit
                0x0000000180004efb                isspace
                0x0000000180004f34                toupper
                0x0000000180004f54                tolower
                0x0000000180004f74                strtoull
                0x00000001800050bb                strtoll
                0x000000018000514d                snprintf
                0x000000018000550f                sscanf
 .text          0x00000001800057e0     0x1220 obj/uefi_console.o
                0x00000001800057e0                console_init
                0x000000018000588f                console_putchar
                0x00000001800058bf                console_puts
                0x0000000180005925                console_printf
                0x0000000180005d25                console_set_color
                0x0000000180005d48                console_clear
                0x0000000180005d8e                console_set_cursor
                0x0000000180005e14                console_get_cursor
                0x0000000180005e49                log_set_level
                0x0000000180005f63                log_error
                0x0000000180005fa8                log_warn
                0x0000000180005fed                log_info
                0x0000000180006032                log_debug
                0x0000000180006077                log_trace
                0x00000001800060bc                serial_init
                0x000000018000616c                serial_putchar
                0x00000001800061b0                serial_puts
                0x00000001800061f0                serial_printf
 .text          0x0000000180006a00        0x0 obj/uefi_efi_guids.o
 .text          0x0000000180006a00       0x70 obj/uefi_embedded_kernel_loader.o
                0x0000000180006a00                load_kernel_image_embedded
 .text          0x0000000180006a70      0xd10 obj/uefi_fat32.o
                0x0000000180006dc0                fat32_init
                0x0000000180006ec8                fat32_is_valid
                0x0000000180007596                fat32_read_file
                0x000000018000773b                fat32_free_buffer
 *(SORT_BY_NAME(.text$*))
 *(.text.*)
 *(.gnu.linkonce.t.*)
 *(.glue_7t)
 *(.glue_7)
                0x0000000180007780                . = ALIGN (0x8)
 *(SORT_NONE(.fini))
 *(.gcc_exc)
                [!provide]                        PROVIDE (etext = .)
 *(.gcc_except_table)

.data           0x0000000180008000    0x21200
                0x0000000180008000                __data_start__ = .
 *(.data)
 .data          0x0000000180008000       0x80 obj/uefi_main.o
 .data          0x0000000180008080        0x0 obj/uefi_bootlog.o
 .data          0x0000000180008080        0x0 obj/uefi_stdlib.o
 .data          0x0000000180008080        0x0 obj/uefi_string.o
 .data          0x0000000180008080       0x10 obj/uefi_console.o
 .data          0x0000000180008090       0x60 obj/uefi_efi_guids.o
                0x0000000180008090                gEfiLoadedImageProtocolGuid
                0x00000001800080a0                gEfiSimpleFileSystemProtocolGuid
                0x00000001800080b0                gEfiBlockIoProtocolGuid
                0x00000001800080c0                gEfiFileInfoGuid
                0x00000001800080d0                gEfiAcpi20TableGuid
                0x00000001800080e0                gEfiAcpiTableGuid
 *fill*         0x00000001800080f0       0x10 
 .data          0x0000000180008100    0x21020 obj/uefi_embedded_kernel_loader.o
                0x0000000180008100                build_bin_hic_kernel_elf
                0x0000000180029118                build_bin_hic_kernel_elf_len
 .data          0x0000000180029120        0x0 obj/uefi_fat32.o
 *(.data2)
 *(SORT_BY_NAME(.data$*))
 *(.jcr)
                0x0000000180029120                __data_end__ = .
 *(.data_cygwin_nocopy)

.rdata          0x000000018002a000     0x2c00
 *(.rdata)
 .rdata         0x000000018002a000     0x2600 obj/uefi_main.o
 .rdata         0x000000018002c600       0x50 obj/uefi_bootlog.o
 .rdata         0x000000018002c650       0x20 obj/uefi_string.o
 .rdata         0x000000018002c670       0x40 obj/uefi_console.o
 .rdata         0x000000018002c6b0       0xb0 obj/uefi_embedded_kernel_loader.o
 .rdata         0x000000018002c760      0x1e0 obj/uefi_fat32.o
 *(SORT_BY_NAME(.rdata$*))
 .rdata$zzz     0x000000018002c940       0x20 obj/uefi_main.o
 .rdata$zzz     0x000000018002c960       0x20 obj/uefi_bootlog.o
 .rdata$zzz     0x000000018002c980       0x20 obj/uefi_stdlib.o
 .rdata$zzz     0x000000018002c9a0       0x20 obj/uefi_string.o
 .rdata$zzz     0x000000018002c9c0       0x20 obj/uefi_console.o
 .rdata$zzz     0x000000018002c9e0       0x20 obj/uefi_efi_guids.o
 .rdata$zzz     0x000000018002ca00       0x20 obj/uefi_embedded_kernel_loader.o
 .rdata$zzz     0x000000018002ca20       0x20 obj/uefi_fat32.o
                0x000000018002ca40                . = ALIGN (0x4)
                0x000000018002ca40                __rt_psrelocs_start = .
 *(.rdata_runtime_pseudo_reloc)
                0x000000018002ca40                __rt_psrelocs_end = .
                0x000000018002ca40                . = ALIGN (0x8)
                0x000000018002ca40                __DELAY_IMPORT_DIRECTORY_start__ = .
 SORT_BY_NAME(*)(.didat$2)
 SORT_BY_NAME(*)(.didat$3)
                0x000000018002ca40                __DELAY_IMPORT_DIRECTORY_end__ = .
                0x000000018002ca40                . = (. + (__DELAY_IMPORT_DIRECTORY_end__ - __DELAY_IMPORT_DIRECTORY_start__)?0x20:0x0)
                0x000000018002ca40                . = ALIGN (0x8)
 SORT_BY_NAME(*)(.didat$4)
 SORT_BY_NAME(*)(.didat$6)
 SORT_BY_NAME(*)(.didat$7)
                0x000000018002ca40                . = ALIGN (0x8)
                0x000000018002ca40                ___CTOR_LIST__ = .
                0x000000018002ca40                __CTOR_LIST__ = .
                0x000000018002ca40        0x4 LONG 0xffffffffffffffff
                0x000000018002ca44        0x4 LONG 0xffffffffffffffff
 *(.ctors)
 *(.ctor)
 *(SORT_BY_NAME(.ctors.*))
                0x000000018002ca48        0x4 LONG 0x0
                0x000000018002ca4c        0x4 LONG 0x0
                0x000000018002ca50                ___DTOR_LIST__ = .
                0x000000018002ca50                __DTOR_LIST__ = .
                0x000000018002ca50        0x4 LONG 0xffffffffffffffff
                0x000000018002ca54        0x4 LONG 0xffffffffffffffff
 *(.dtors)
 *(.dtor)
 *(SORT_BY_NAME(.dtors.*))
                0x000000018002ca58        0x4 LONG 0x0
                0x000000018002ca5c        0x4 LONG 0x0
                0x000000018002ca60                ___crt_xc_start__ = .
 *(SORT_BY_NAME(.CRT$XC*))
                0x000000018002ca60                ___crt_xc_end__ = .
                0x000000018002ca60                ___crt_xi_start__ = .
 *(SORT_BY_NAME(.CRT$XI*))
                0x000000018002ca60                ___crt_xi_end__ = .
                0x000000018002ca60                ___crt_xl_start__ = .
 *(SORT_BY_NAME(.CRT$XL*))
                0x000000018002ca60                ___crt_xp_start__ = .
 *(SORT_BY_NAME(.CRT$XP*))
                0x000000018002ca60                ___crt_xp_end__ = .
                0x000000018002ca60                ___crt_xt_start__ = .
 *(SORT_BY_NAME(.CRT$XT*))
                0x000000018002ca60                ___crt_xt_end__ = .
                0x000000018002ca60                ___crt_xd_start__ = .
 *(SORT_BY_NAME(.CRT$XD*))
                0x000000018002ca60                ___crt_xd_end__ = .
                0x000000018002ca40                ___RUNTIME_PSEUDO_RELOC_LIST_END__ = __rt_psrelocs_end
                0x000000018002ca40                __RUNTIME_PSEUDO_RELOC_LIST_END__ = __rt_psrelocs_end
                0x000000018002ca40                ___RUNTIME_PSEUDO_RELOC_LIST__ = __rt_psrelocs_start
                0x000000018002ca40                __RUNTIME_PSEUDO_RELOC_LIST__ = __rt_psrelocs_start

.eh_frame
 *(.eh_frame*)

.pdata
 *(.pdata*)

.xdata
 *(.xdata*)

.bss            0x000000018002d000     0x11a0
                0x000000018002d000                __bss_start__ = .
 *(.bss)
 .bss           0x000000018002d000       0x40 obj/uefi_main.o
                0x000000018002d000                gST
                0x000000018002d008                gBS
 .bss           0x000000018002d040      0xc20 obj/uefi_bootlog.o
 .bss           0x000000018002dc60      0x420 obj/uefi_stdlib.o
 .bss           0x000000018002e080        0x0 obj/uefi_string.o
 .bss           0x000000018002e080      0x120 obj/uefi_console.o
 .bss           0x000000018002e1a0        0x0 obj/uefi_efi_guids.o
 .bss           0x000000018002e1a0        0x0 obj/uefi_embedded_kernel_loader.o
 .bss           0x000000018002e1a0        0x0 obj/uefi_fat32.o
 *(COMMON)
                0x000000018002e1a0                __bss_end__ = .

.edata          0x000000018002f000      0x800
 *(.edata)
 .edata         0x000000018002f000      0x78c dll stuff

/DISCARD/
 *(.debug$S)
 *(.debug$T)
 *(.debug$F)
 *(.drectve)
 *(.note.GNU-stack)
 *(.gnu.lto_*)
 *(.gnu_object_only)

.idata          0x0000000180030000      0x200
 SORT_BY_NAME(*)(.idata$2)
 SORT_BY_NAME(*)(.idata$3)
                0x0000000180030000        0x4 LONG 0x0
                0x0000000180030004        0x4 LONG 0x0
                0x0000000180030008        0x4 LONG 0x0
                0x000000018003000c        0x4 LONG 0x0
                0x0000000180030010        0x4 LONG 0x0
                0x0000000180030018                . = ALIGN (0x8)
 *fill*         0x0000000180030014        0x4 
 SORT_BY_NAME(*)(.idata$4)
                0x0000000180030018                __IAT_start__ = .
 SORT_BY_NAME(*)(.idata$5)
                0x0000000180030018                __IAT_end__ = .
 SORT_BY_NAME(*)(.idata$6)
 SORT_BY_NAME(*)(.idata$7)

.didat
 SORT_BY_NAME(*)(.didat$5)

.tls            0x0000000180031000        0x0
                0x0000000180031000                ___tls_start__ = .
 *(.tls$AAA)
 *(.tls)
 *(.tls$)
 *(SORT_BY_NAME(.tls$*))
 *(.tls$ZZZ)
                0x0000000180031000                ___tls_end__ = .

.endjunk        0x0000000180031000        0x0
                [!provide]                        PROVIDE (end = .)
                [!provide]                        PROVIDE (_end = .)
                0x0000000180031000                __end__ = .

.rsrc
 *(.rsrc)
 *(.rsrc$*)

.reloc          0x0000000180031000        0x0
 *(.reloc)
 .reloc         0x0000000180031000        0x0 dll stuff

.stab
 *(.stab)

.stabstr
 *(.stabstr)

.debug_aranges
 *(.debug_aranges)

.zdebug_aranges
 *(.zdebug_aranges)

.debug_pubnames
 *(.debug_pubnames)

.zdebug_pubnames
 *(.zdebug_pubnames)

.debug_info
 *(.debug_info .gnu.linkonce.wi.*)

.zdebug_info
 *(.zdebug_info .zdebug.gnu.linkonce.wi.*)

.debug_abbrev
 *(.debug_abbrev)

.zdebug_abbrev
 *(.zdebug_abbrev)

.debug_line
 *(.debug_line)

.zdebug_line
 *(.zdebug_line)

.debug_frame
 *(.debug_frame*)

.zdebug_frame
 *(.zdebug_frame*)

.debug_str
 *(.debug_str)

.zdebug_str
 *(.zdebug_str)

.debug_loc
 *(.debug_loc)

.zdebug_loc
 *(.zdebug_loc)

.debug_macinfo
 *(.debug_macinfo)

.zdebug_macinfo
 *(.zdebug_macinfo)

.debug_weaknames
 *(.debug_weaknames)

.zdebug_weaknames
 *(.zdebug_weaknames)

.debug_funcnames
 *(.debug_funcnames)

.zdebug_funcnames
 *(.zdebug_funcnames)

.debug_typenames
 *(.debug_typenames)

.zdebug_typenames
 *(.zdebug_typenames)

.debug_varnames
 *(.debug_varnames)

.zdebug_varnames
 *(.zdebug_varnames)

.debug_pubtypes
 *(.debug_pubtypes)

.zdebug_pubtypes
 *(.zdebug_pubtypes)

.debug_ranges
 *(.debug_ranges)

.zdebug_ranges
 *(.zdebug_ranges)

.debug_types
 *(.debug_types .gnu.linkonce.wt.*)

.zdebug_types
 *(.zdebug_types .gnu.linkonce.wt.*)

.debug_addr
 *(.debug_addr)

.zdebug_addr
 *(.zdebug_addr)

.debug_line_str
 *(.debug_line_str)

.zdebug_line_str
 *(.zdebug_line_str)

.debug_loclists
 *(.debug_loclists)

.zdebug_loclists
 *(.zdebug_loclists)

.debug_macro
 *(.debug_macro)

.zdebug_macro
 *(.zdebug_macro)

.debug_names
 *(.debug_names)

.zdebug_names
 *(.zdebug_names)

.debug_rnglists
 *(.debug_rnglists)

.zdebug_rnglists
 *(.zdebug_rnglists)

.debug_str_offsets
 *(.debug_str_offsets)

.zdebug_str_offsets
 *(.zdebug_str_offsets)

.debug_sup
 *(.debug_sup)

.debug_gdb_scripts
 *(.debug_gdb_scripts)

.zdebug_gdb_scripts
 *(.zdebug_gdb_scripts)
OUTPUT(bin/bootx64.efi pei-x86-64)
LOAD dll stuff
